🚨 鶴全体・1次。単独模型の成功とは別。緩みの大小は「邪魔の強さ」ではない。
  姿 出発：全結び 0.0e+00／すり抜け 0.0e+00
  姿 89歩：全結び 3.9e-15／すり抜け 0.0e+00
  姿 180歩=X：全結び 1.2e-15／すり抜け 0.0e+00
  姿 181歩：全結び 1.6e-13／すり抜け 7.8e-01（胴s19.keep(層-7) × 胴s20.keep(層-7)）

[1] 第12段（layer の上下で向きを決めた条件）で、緩みの合計を最小にしたとき緩みが残った条件：背 6本・重なりの組 35
  ⚠ 緩みの大小は制約の尺度と解の選び方に依存するので、並べるだけで強さとは読まない。

[1a] 背（いま 0°＝折り重なったまま）：面の組・素材の区間・3Dの位置・経路の上の開き
  b20@0：尾s19.cut(層-13) | 尾s19.cut(層-12)／素材 [1.000,1.000]-[0.183,0.662]／X での位置 [-1.0, 1.0, 0.0]-[-0.375, 0.375, 0.0]
    開き（度）：出発 +0.000・89歩 -0.000・180歩=X -0.000・181歩 -0.000 → 経路の上の姿ではずっと 0°（折り重なったまま）＝**未確定**
  b20@1：尾s19.cut(層-13) | 尾s19.cut(層-12)／素材 [0.183,0.662]-[-0.000,0.586]／X での位置 [-0.375, 0.375, 0.0]-[-0.235, 0.235, -0.0]
    開き（度）：出発 +0.000・89歩 -0.000・180歩=X -0.000・181歩 -0.000 → 経路の上の姿ではずっと 0°（折り重なったまま）＝**未確定**
  b10@0：尾s23.cut(層9) | 尾s23.cut(層7)／素材 [1.000,1.000]-[0.662,0.183]／X での位置 [-1.0, 1.0, 0.0]-[-0.375, 0.375, 0.0]
    開き（度）：出発 +0.000・89歩 +0.000・180歩=X +0.000・181歩 +0.000 → 経路の上の姿ではずっと 0°（折り重なったまま）＝**未確定**
  b10@1：尾s23.cut(層9) | 尾s23.cut(層7)／素材 [0.662,0.183]-[0.586,0.000]／X での位置 [-0.375, 0.375, 0.0]-[-0.235, 0.235, -0.0]
    開き（度）：出発 +0.000・89歩 +0.000・180歩=X +0.000・181歩 +0.000 → 経路の上の姿ではずっと 0°（折り重なったまま）＝**未確定**
  b4：胴s19.cut(層-11) | 胴s19.cut(層-10)／素材 [0.000,0.332]-[0.000,0.586]／X での位置 [-0.0, 0.332, -0.0]-[-0.235, 0.235, -0.0]
    開き（度）：出発 +0.000・89歩 -0.000・180歩=X +0.000・181歩 +0.000 → 経路の上の姿ではずっと 0°（折り重なったまま）＝**未確定**
  b6：胴s23.cut(層11) | 胴s23.cut(層12)／素材 [0.332,-0.000]-[0.586,-0.000]／X での位置 [-0.0, 0.332, -0.0]-[-0.235, 0.235, -0.0]
    開き（度）：出発 +0.000・89歩 +0.000・180歩=X -0.000・181歩 +0.000 → 経路の上の姿ではずっと 0°（折り重なったまま）＝**未確定**

[1b] 重なって接する組：面の組・素材の区間（両方の面で）・3Dの位置・経路の上のすき間
  尾s23.cut(層9) × 尾s23.keep(層0)：重なり 9.95e-02
    素材 a：[0.453,0.182] [1.000,1.000] [0.963,0.910] [0.617,0.076] [0.434,0.152]
    素材 b：[0.808,0.035] [1.000,1.000] [1.000,0.903] [1.000,0.000] [0.801,0.000]
    X での位置（重なりの頂点）：[-0.182, 0.453, -0.0] [-1.0, 1.0, 0.0] [-0.931, 0.931, 0.0] [-0.293, 0.293, 0.0] [-0.152, 0.434, -0.0]
    経路の上：出発 出発と同じ重なり・89歩 出発と同じ重なり・180歩=X 出発と同じ重なり・181歩 出発と同じ重なり → 経路の上の姿ではずっと出発と同じ置かれ方で重なったまま＝**未確定**
  尾s23.cut(層9) × 尾s19.keep(層-2)：重なり 9.95e-02
    素材 a：[0.801,0.702] [1.000,1.000] [0.617,0.076] [0.434,0.152]
    素材 b：[0.702,0.801] [1.000,1.000] [0.293,0.293] [0.152,0.434]
    X での位置（重なりの頂点）：[-0.702, 0.801, -0.0] [-1.0, 1.0, 0.0] [-0.293, 0.293, 0.0] [-0.152, 0.434, -0.0]
    経路の上：出発 出発と同じ重なり・89歩 出発と同じ重なり・180歩=X 出発と同じ重なり・181歩 すき間 -2.38e-07〜+1.11e-07 → すり抜けの無い姿（出発・89歩・180歩）ではずっと出発と同じ重なり（181歩だけ置かれ方が変わるが、すき間は接触の許容差 1e-6 の内で、その姿はすり抜けありなので証拠に使わない）＝**未確定**
  尾s19.cut(層-13) × 尾s19.keep(層-3)：重なり 9.95e-02
    素材 a：[1.000,1.000] [0.152,0.434] [0.152,0.434] [0.076,0.617] [0.924,0.968]
    素材 b：[1.000,1.000] [0.000,0.801] [0.000,0.801] [0.000,1.000] [0.917,1.000]
    X での位置（重なりの頂点）：[-1.0, 1.0, 0.0] [-0.152, 0.434, -0.0] [-0.152, 0.434, -0.0] [-0.293, 0.293, 0.0] [-0.942, 0.942, 0.0]
    経路の上：出発 出発と同じ重なり・89歩 出発と同じ重なり・180歩=X 出発と同じ重なり・181歩 出発と同じ重なり → 経路の上の姿ではずっと出発と同じ置かれ方で重なったまま＝**未確定**
  尾s23.cut(層9) × 胴s23.keep(層-1)：重なり 8.19e-03
    素材 a：[0.586,0.000] [0.434,0.152] [0.434,0.152] [0.617,0.076] [0.612,0.062]
    素材 b：[0.351,-0.351] [0.434,-0.152] [0.434,-0.152] [0.293,-0.293] [0.303,-0.303]
    X での位置（重なりの頂点）：[-0.235, 0.235, -0.0] [-0.152, 0.434, -0.0] [-0.152, 0.434, -0.0] [-0.293, 0.293, 0.0] [-0.282, 0.282, 0.0]
    経路の上：出発 出発と同じ重なり・89歩 出発と同じ重なり・180歩=X 出発と同じ重なり・181歩 すき間 +3.12e-07〜+5.67e-07 → すり抜けの無い姿（出発・89歩・180歩）ではずっと出発と同じ重なり（181歩だけ置かれ方が変わるが、すき間は接触の許容差 1e-6 の内で、その姿はすり抜けありなので証拠に使わない）＝**未確定**
  尾s23.cut(層9) × 胴s23.keep(層-2)：重なり 8.19e-03
    素材 a：[0.586,0.000] [0.434,0.152] [0.434,0.152] [0.617,0.076] [0.611,0.062]
    素材 b：[0.235,-0.235] [0.434,-0.152] [0.434,-0.152] [0.293,-0.293] [0.282,-0.282]
    X での位置（重なりの頂点）：[-0.235, 0.235, -0.0] [-0.152, 0.434, -0.0] [-0.152, 0.434, -0.0] [-0.293, 0.293, 0.0] [-0.282, 0.282, 0.0]
    経路の上：出発 出発と同じ重なり・89歩 出発と同じ重なり・180歩=X 出発と同じ重なり・181歩 すき間 +3.12e-07〜+5.67e-07 → すり抜けの無い姿（出発・89歩・180歩）ではずっと出発と同じ重なり（181歩だけ置かれ方が変わるが、すき間は接触の許容差 1e-6 の内で、その姿はすり抜けありなので証拠に使わない）＝**未確定**
  尾s23.cut(層9) × 胴s23.keep(層0)：重なり 8.19e-03
    素材 a：[0.586,0.000] [0.434,0.152] [0.434,0.152] [0.617,0.076] [0.614,0.069]
    素材 b：[1.000,-0.082] [0.801,-0.000] [0.801,0.000] [1.000,-0.000] [1.000,-0.008]
    X での位置（重なりの頂点）：[-0.235, 0.235, -0.0] [-0.152, 0.434, -0.0] [-0.152, 0.434, -0.0] [-0.293, 0.293, 0.0] [-0.287, 0.287, 0.0]
    経路の上：出発 出発と同じ重なり・89歩 出発と同じ重なり・180歩=X 出発と同じ重なり・181歩 すき間 -1.27e-07〜+1.70e-07 → すり抜けの無い姿（出発・89歩・180歩）ではずっと出発と同じ重なり（181歩だけ置かれ方が変わるが、すき間は接触の許容差 1e-6 の内で、その姿はすり抜けありなので証拠に使わない）＝**未確定**
  尾s19.cut(層-13) × 胴s19.keep(層-6)：重なり 8.19e-03
    素材 a：[-0.000,0.586] [0.061,0.611] [0.076,0.617] [0.152,0.434]
    素材 b：[-0.351,0.351] [-0.305,0.305] [-0.293,0.293] [-0.152,0.434]
    X での位置（重なりの頂点）：[-0.235, 0.235, -0.0] [-0.281, 0.281, 0.0] [-0.293, 0.293, 0.0] [-0.152, 0.434, -0.0]
    経路の上：出発 出発と同じ重なり・89歩 出発と同じ重なり・180歩=X 出発と同じ重なり・181歩 出発と同じ重なり → 経路の上の姿ではずっと出発と同じ置かれ方で重なったまま＝**未確定**
  尾s19.cut(層-13) × 胴s19.keep(層-7)：重なり 8.19e-03
    素材 a：[-0.000,0.586] [0.064,0.612] [0.076,0.617] [0.152,0.434] [0.152,0.434]
    素材 b：[-0.082,1.000] [-0.013,1.000] [-0.000,1.000] [-0.000,0.801] [-0.000,0.801]
    X での位置（重なりの頂点）：[-0.235, 0.235, -0.0] [-0.284, 0.284, 0.0] [-0.293, 0.293, 0.0] [-0.152, 0.434, -0.0] [-0.152, 0.434, -0.0]
    経路の上：出発 出発と同じ重なり・89歩 出発と同じ重なり・180歩=X 出発と同じ重なり・181歩 出発と同じ重なり → 経路の上の姿ではずっと出発と同じ置かれ方で重なったまま＝**未確定**
  尾s19.cut(層-13) × 胴s19.keep(層-5)：重なり 8.19e-03
    素材 a：[-0.000,0.586] [0.063,0.612] [0.076,0.617] [0.152,0.434]
    素材 b：[-0.235,0.235] [-0.283,0.283] [-0.293,0.293] [-0.152,0.434]
    X での位置（重なりの頂点）：[-0.235, 0.235, -0.0] [-0.283, 0.283, 0.0] [-0.293, 0.293, 0.0] [-0.152, 0.434, -0.0]
    経路の上：出発 出発と同じ重なり・89歩 出発と同じ重なり・180歩=X 出発と同じ重なり・181歩 出発と同じ重なり → 経路の上の姿ではずっと出発と同じ置かれ方で重なったまま＝**未確定**
  胴s23.cut(層12) × 胴s23.keep(層-1)：重なり 1.93e-02
    素材 a：[0.332,0.000] [0.434,0.152] [0.586,0.000] [0.586,0.000]
    素材 b：[0.586,-0.254] [0.434,-0.152] [0.351,-0.351] [0.351,-0.351]
    X での位置（重なりの頂点）：[-0.0, 0.332, -0.0] [-0.152, 0.434, -0.0] [-0.235, 0.235, -0.0] [-0.235, 0.235, -0.0]
    経路の上：出発 出発と同じ重なり・89歩 出発と同じ重なり・180歩=X 出発と同じ重なり・181歩 すき間 +3.07e-11〜+4.19e-07 → すり抜けの無い姿（出発・89歩・180歩）ではずっと出発と同じ重なり（181歩だけ置かれ方が変わるが、すき間は接触の許容差 1e-6 の内で、その姿はすり抜けありなので証拠に使わない）＝**未確定**
  胴s23.cut(層12) × 胴s23.cut(層10)：重なり 1.93e-02
    素材 a：[0.332,0.000] [0.434,0.152] [0.586,0.000] [0.586,0.000]
    素材 b：[0.586,-0.254] [0.434,-0.152] [0.586,-0.000] [0.586,-0.000]
    X での位置（重なりの頂点）：[-0.0, 0.332, -0.0] [-0.152, 0.434, -0.0] [-0.235, 0.235, -0.0] [-0.235, 0.235, -0.0]
    経路の上：出発 出発と同じ重なり・89歩 出発と同じ重なり・180歩=X 出発と同じ重なり・181歩 すき間 +5.12e-18〜+4.19e-07 → すり抜けの無い姿（出発・89歩・180歩）ではずっと出発と同じ重なり（181歩だけ置かれ方が変わるが、すき間は接触の許容差 1e-6 の内で、その姿はすり抜けありなので証拠に使わない）＝**未確定**
  胴s23.cut(層12) × 胴s23.keep(層-2)：重なり 1.93e-02
    素材 a：[0.332,0.000] [0.332,0.000] [0.367,0.053] [0.434,0.152] [0.434,0.152] [0.586,0.000] [0.586,0.000]
    素材 b：[0.332,-0.000] [0.332,-0.000] [0.367,-0.053] [0.434,-0.152] [0.434,-0.152] [0.235,-0.235] [0.235,-0.235]
    X での位置（重なりの頂点）：[-0.0, 0.332, -0.0] [-0.0, 0.332, -0.0] [-0.053, 0.367, -0.0] [-0.152, 0.434, -0.0] [-0.152, 0.434, -0.0] [-0.235, 0.235, -0.0] [-0.235, 0.235, -0.0]
    経路の上：出発 出発と同じ重なり・89歩 出発と同じ重なり・180歩=X 出発と同じ重なり・181歩 すき間 -1.01e-18〜+4.19e-07 → すり抜けの無い姿（出発・89歩・180歩）ではずっと出発と同じ重なり（181歩だけ置かれ方が変わるが、すき間は接触の許容差 1e-6 の内で、その姿はすり抜けありなので証拠に使わない）＝**未確定**
  胴s23.cut(層12) × 胴s23.keep(層0)：重なり 1.93e-02
    素材 a：[0.332,0.000] [0.383,0.076] [0.434,0.152] [0.586,0.000] [0.586,0.000]
    素材 b：[0.765,-0.180] [0.783,-0.090] [0.801,-0.000] [1.000,-0.082] [1.000,-0.082]
    X での位置（重なりの頂点）：[-0.0, 0.332, -0.0] [-0.076, 0.383, -0.0] [-0.152, 0.434, -0.0] [-0.235, 0.235, -0.0] [-0.235, 0.235, -0.0]
    経路の上：出発 出発と同じ重なり・89歩 出発と同じ重なり・180歩=X 出発と同じ重なり・181歩 すき間 -1.27e-07〜+1.70e-07 → すり抜けの無い姿（出発・89歩・180歩）ではずっと出発と同じ重なり（181歩だけ置かれ方が変わるが、すき間は接触の許容差 1e-6 の内で、その姿はすり抜けありなので証拠に使わない）＝**未確定**
  胴s23.cut(層12) × 胴s23.cut(層8)：重なり 1.93e-02
    素材 a：[0.332,0.000] [0.405,0.110] [0.434,0.152] [0.586,0.000] [0.586,0.000]
    素材 b：[0.765,-0.180] [0.791,-0.050] [0.801,0.000] [0.586,-0.000] [0.586,-0.000]
    X での位置（重なりの頂点）：[-0.0, 0.332, -0.0] [-0.11, 0.405, -0.0] [-0.152, 0.434, -0.0] [-0.235, 0.235, -0.0] [-0.235, 0.235, -0.0]
    経路の上：出発 出発と同じ重なり・89歩 出発と同じ重なり・180歩=X 出発と同じ重なり・181歩 すき間 -1.22e-07〜+1.70e-07 → すり抜けの無い姿（出発・89歩・180歩）ではずっと出発と同じ重なり（181歩だけ置かれ方が変わるが、すき間は接触の許容差 1e-6 の内で、その姿はすり抜けありなので証拠に使わない）＝**未確定**
  胴s23.keep(層-1) × 胴s19.keep(層-6)：重なり 1.69e-01
    素材 a：[0.731,-0.351] [0.434,-0.152] [0.293,-0.293] [1.000,-1.000]
    素材 b：[-0.351,0.731] [-0.152,0.434] [-0.293,0.293] [-1.000,1.000]
    X での位置（重なりの頂点）：[0.145, 0.235, -0.0] [-0.152, 0.434, -0.0] [-0.293, 0.293, -0.0] [0.414, -0.414, -0.0]
    経路の上：出発 出発と同じ重なり・89歩 出発と同じ重なり・180歩=X 出発と同じ重なり・181歩 すき間 -1.15e-06〜+1.63e-06 → すり抜けの無い姿（出発・89歩・180歩）ではずっと出発と同じ重なり（181歩だけ置かれ方が変わるが、すき間は接触の許容差 1e-6 の内で、その姿はすり抜けありなので証拠に使わない）＝**未確定**
  胴s23.keep(層-1) × 胴s19.cut(層-9)：重なり 3.78e-02
    素材 a：[0.434,-0.152] [0.351,-0.351] [0.731,-0.351]
    素材 b：[-0.152,0.434] [-0.000,0.586] [-0.351,0.731]
    X での位置（重なりの頂点）：[-0.152, 0.434, -0.0] [-0.235, 0.235, -0.0] [0.145, 0.235, -0.0]
    経路の上：出発 出発と同じ重なり・89歩 出発と同じ重なり・180歩=X 出発と同じ重なり・181歩 すき間 -7.45e-07〜+7.22e-07 → すり抜けの無い姿（出発・89歩・180歩）ではずっと出発と同じ重なり（181歩だけ置かれ方が変わるが、すき間は接触の許容差 1e-6 の内で、その姿はすり抜けありなので証拠に使わない）＝**未確定**
  胴s23.keep(層-1) × 胴s19.keep(層-7)：重なり 1.69e-01
    素材 a：[0.320,-0.320] [1.000,-1.000] [0.731,-0.351] [0.434,-0.152] [0.293,-0.293]
    素材 b：[-0.038,1.000] [-1.000,1.000] [-0.351,0.731] [-0.000,0.801] [-0.000,1.000]
    X での位置（重なりの頂点）：[-0.266, 0.266, -0.0] [0.414, -0.414, -0.0] [0.145, 0.235, -0.0] [-0.152, 0.434, -0.0] [-0.293, 0.293, -0.0]
    経路の上：出発 出発と同じ重なり・89歩 出発と同じ重なり・180歩=X 出発と同じ重なり・181歩 すき間 -9.24e-07〜+1.63e-06 → すり抜けの無い姿（出発・89歩・180歩）ではずっと出発と同じ重なり（181歩だけ置かれ方が変わるが、すき間は接触の許容差 1e-6 の内で、その姿はすり抜けありなので証拠に使わない）＝**未確定**
  胴s23.keep(層-1) × 胴s19.cut(層-8)：重なり 3.78e-02
    素材 a：[0.434,-0.152] [0.434,-0.152] [0.351,-0.351] [0.731,-0.351]
    素材 b：[-0.000,0.801] [-0.000,0.801] [-0.000,0.586] [-0.351,0.731]
    X での位置（重なりの頂点）：[-0.152, 0.434, -0.0] [-0.152, 0.434, -0.0] [-0.235, 0.235, -0.0] [0.145, 0.235, -0.0]
    経路の上：出発 出発と同じ重なり・89歩 出発と同じ重なり・180歩=X 出発と同じ重なり・181歩 すき間 -7.45e-07〜+7.22e-07 → すり抜けの無い姿（出発・89歩・180歩）ではずっと出発と同じ重なり（181歩だけ置かれ方が変わるが、すき間は接触の許容差 1e-6 の内で、その姿はすり抜けありなので証拠に使わない）＝**未確定**
  胴s23.cut(層10) × 胴s19.keep(層-6)：重なり 3.78e-02
    素材 a：[0.434,-0.152] [0.434,-0.152] [0.731,-0.351] [0.586,-0.000] [0.586,-0.000]
    素材 b：[-0.152,0.434] [-0.152,0.434] [-0.351,0.731] [-0.351,0.351] [-0.351,0.351]
    X での位置（重なりの頂点）：[-0.152, 0.434, -0.0] [-0.152, 0.434, -0.0] [0.145, 0.235, -0.0] [-0.235, 0.235, -0.0] [-0.235, 0.235, -0.0]
    経路の上：出発 出発と同じ重なり・89歩 出発と同じ重なり・180歩=X 出発と同じ重なり・181歩 すき間 -6.09e-07〜+7.22e-07 → すり抜けの無い姿（出発・89歩・180歩）ではずっと出発と同じ重なり（181歩だけ置かれ方が変わるが、すき間は接触の許容差 1e-6 の内で、その姿はすり抜けありなので証拠に使わない）＝**未確定**
  胴s23.cut(層10) × 胴s19.cut(層-9)：重なり 3.78e-02
    素材 a：[0.434,-0.152] [0.731,-0.351] [0.586,-0.000] [0.580,-0.005]
    素材 b：[-0.152,0.434] [-0.351,0.731] [-0.000,0.586] [-0.005,0.580]
    X での位置（重なりの頂点）：[-0.152, 0.434, -0.0] [0.145, 0.235, -0.0] [-0.235, 0.235, -0.0] [-0.232, 0.242, -0.0]
    経路の上：出発 出発と同じ重なり・89歩 出発と同じ重なり・180歩=X 出発と同じ重なり・181歩 すき間 -4.86e-07〜+7.22e-07 → すり抜けの無い姿（出発・89歩・180歩）ではずっと出発と同じ重なり（181歩だけ置かれ方が変わるが、すき間は接触の許容差 1e-6 の内で、その姿はすり抜けありなので証拠に使わない）＝**未確定**
  胴s23.cut(層10) × 胴s19.keep(層-7)：重なり 3.78e-02
    素材 a：[0.434,-0.152] [0.731,-0.351] [0.586,-0.000] [0.586,-0.000]
    素材 b：[-0.000,0.801] [-0.351,0.731] [-0.082,1.000] [-0.082,1.000]
    X での位置（重なりの頂点）：[-0.152, 0.434, -0.0] [0.145, 0.235, -0.0] [-0.235, 0.235, -0.0] [-0.235, 0.235, -0.0]
    経路の上：出発 出発と同じ重なり・89歩 出発と同じ重なり・180歩=X 出発と同じ重なり・181歩 すき間 -4.01e-07〜+7.22e-07 → すり抜けの無い姿（出発・89歩・180歩）ではずっと出発と同じ重なり（181歩だけ置かれ方が変わるが、すき間は接触の許容差 1e-6 の内で、その姿はすり抜けありなので証拠に使わない）＝**未確定**
  胴s23.cut(層10) × 胴s19.cut(層-8)：重なり 3.78e-02
    素材 a：[0.434,-0.152] [0.731,-0.351] [0.586,-0.000]
    素材 b：[-0.000,0.801] [-0.351,0.731] [-0.000,0.586]
    X での位置（重なりの頂点）：[-0.152, 0.434, -0.0] [0.145, 0.235, -0.0] [-0.235, 0.235, -0.0]
    経路の上：出発 出発と同じ重なり・89歩 出発と同じ重なり・180歩=X 出発と同じ重なり・181歩 すき間 -4.33e-07〜+7.22e-07 → すり抜けの無い姿（出発・89歩・180歩）ではずっと出発と同じ重なり（181歩だけ置かれ方が変わるが、すき間は接触の許容差 1e-6 の内で、その姿はすり抜けありなので証拠に使わない）＝**未確定**
  胴s23.keep(層0) × 胴s19.keep(層-6)：重なり 1.69e-01
    素材 a：[0.731,-0.351] [1.000,-1.000] [1.000,-0.000] [0.801,-0.000]
    素材 b：[-0.351,0.731] [-1.000,1.000] [-0.293,0.293] [-0.152,0.434]
    X での位置（重なりの頂点）：[0.145, 0.235, -0.0] [0.414, -0.414, -0.0] [-0.293, 0.293, -0.0] [-0.152, 0.434, -0.0]
    経路の上：出発 出発と同じ重なり・89歩 出発と同じ重なり・180歩=X 出発と同じ重なり・181歩 すき間 -6.71e-07〜+1.63e-06 → すり抜けの無い姿（出発・89歩・180歩）ではずっと出発と同じ重なり（181歩だけ置かれ方が変わるが、すき間は接触の許容差 1e-6 の内で、その姿はすり抜けありなので証拠に使わない）＝**未確定**
  胴s23.keep(層0) × 胴s19.cut(層-9)：重なり 3.78e-02
    素材 a：[0.731,-0.351] [0.731,-0.351] [1.000,-0.082] [0.801,0.000]
    素材 b：[-0.351,0.731] [-0.351,0.731] [-0.000,0.586] [-0.152,0.434]
    X での位置（重なりの頂点）：[0.145, 0.235, -0.0] [0.145, 0.235, -0.0] [-0.235, 0.235, -0.0] [-0.152, 0.434, -0.0]
    経路の上：出発 出発と同じ重なり・89歩 出発と同じ重なり・180歩=X 出発と同じ重なり・181歩 すき間 -3.05e-07〜+7.22e-07 → すり抜けの無い姿（出発・89歩・180歩）ではずっと出発と同じ重なり（181歩だけ置かれ方が変わるが、すき間は接触の許容差 1e-6 の内で、その姿はすり抜けありなので証拠に使わない）＝**未確定**
  胴s23.keep(層0) × 胴s19.keep(層-7)：重なり 1.69e-01
    素材 a：[0.801,0.000] [0.731,-0.351] [1.000,-1.000] [1.000,0.000]
    素材 b：[-0.000,0.801] [-0.351,0.731] [-1.000,1.000] [-0.000,1.000]
    X での位置（重なりの頂点）：[-0.152, 0.434, -0.0] [0.145, 0.235, -0.0] [0.414, -0.414, -0.0] [-0.293, 0.293, -0.0]
    経路の上：出発 出発と同じ重なり・89歩 出発と同じ重なり・180歩=X 出発と同じ重なり・181歩 すき間 -4.45e-07〜+1.63e-06 → すり抜けの無い姿（出発・89歩・180歩）ではずっと出発と同じ重なり（181歩だけ置かれ方が変わるが、すき間は接触の許容差 1e-6 の内で、その姿はすり抜けありなので証拠に使わない）＝**未確定**
  胴s23.keep(層0) × 胴s19.cut(層-8)：重なり 3.78e-02
    素材 a：[0.801,0.000] [0.731,-0.351] [0.731,-0.351] [1.000,-0.082] [0.801,0.000]
    素材 b：[-0.000,0.801] [-0.351,0.731] [-0.351,0.731] [-0.000,0.586] [-0.000,0.801]
    X での位置（重なりの頂点）：[-0.152, 0.434, -0.0] [0.145, 0.235, -0.0] [0.145, 0.235, -0.0] [-0.235, 0.235, -0.0] [-0.152, 0.434, -0.0]
    経路の上：出発 出発と同じ重なり・89歩 出発と同じ重なり・180歩=X 出発と同じ重なり・181歩 すき間 -3.05e-07〜+7.22e-07 → すり抜けの無い姿（出発・89歩・180歩）ではずっと出発と同じ重なり（181歩だけ置かれ方が変わるが、すき間は接触の許容差 1e-6 の内で、その姿はすり抜けありなので証拠に使わない）＝**未確定**
  胴s23.cut(層8) × 胴s19.keep(層-6)：重なり 3.78e-02
    素材 a：[0.731,-0.351] [0.801,-0.000] [0.801,0.000] [0.586,0.000] [0.586,-0.000]
    素材 b：[-0.351,0.731] [-0.152,0.434] [-0.152,0.434] [-0.351,0.351] [-0.351,0.351]
    X での位置（重なりの頂点）：[0.145, 0.235, -0.0] [-0.152, 0.434, -0.0] [-0.152, 0.434, -0.0] [-0.235, 0.235, -0.0] [-0.235, 0.235, -0.0]
    経路の上：出発 出発と同じ重なり・89歩 出発と同じ重なり・180歩=X 出発と同じ重なり・181歩 すき間 -6.09e-07〜+7.22e-07 → すり抜けの無い姿（出発・89歩・180歩）ではずっと出発と同じ重なり（181歩だけ置かれ方が変わるが、すき間は接触の許容差 1e-6 の内で、その姿はすり抜けありなので証拠に使わない）＝**未確定**
  胴s23.cut(層8) × 胴s19.cut(層-9)：重なり 3.78e-02
    素材 a：[0.731,-0.351] [0.801,0.000] [0.586,-0.000]
    素材 b：[-0.351,0.731] [-0.152,0.434] [-0.000,0.586]
    X での位置（重なりの頂点）：[0.145, 0.235, -0.0] [-0.152, 0.434, -0.0] [-0.235, 0.235, -0.0]
    経路の上：出発 出発と同じ重なり・89歩 出発と同じ重なり・180歩=X 出発と同じ重なり・181歩 すき間 -4.33e-07〜+7.22e-07 → すり抜けの無い姿（出発・89歩・180歩）ではずっと出発と同じ重なり（181歩だけ置かれ方が変わるが、すき間は接触の許容差 1e-6 の内で、その姿はすり抜けありなので証拠に使わない）＝**未確定**
  胴s23.cut(層8) × 胴s19.keep(層-7)：重なり 3.78e-02
    素材 a：[0.731,-0.351] [0.801,0.000] [0.801,0.000] [0.586,0.000] [0.586,-0.000]
    素材 b：[-0.351,0.731] [-0.000,0.801] [-0.000,0.801] [-0.082,1.000] [-0.082,1.000]
    X での位置（重なりの頂点）：[0.145, 0.235, -0.0] [-0.152, 0.434, -0.0] [-0.152, 0.434, -0.0] [-0.235, 0.235, -0.0] [-0.235, 0.235, -0.0]
    経路の上：出発 出発と同じ重なり・89歩 出発と同じ重なり・180歩=X 出発と同じ重なり・181歩 すき間 -4.01e-07〜+7.22e-07 → すり抜けの無い姿（出発・89歩・180歩）ではずっと出発と同じ重なり（181歩だけ置かれ方が変わるが、すき間は接触の許容差 1e-6 の内で、その姿はすり抜けありなので証拠に使わない）＝**未確定**
  胴s23.cut(層8) × 胴s19.cut(層-8)：重なり 3.78e-02
    素材 a：[0.801,0.000] [0.586,0.000] [0.731,-0.351]
    素材 b：[-0.000,0.801] [-0.000,0.586] [-0.351,0.731]
    X での位置（重なりの頂点）：[-0.152, 0.434, -0.0] [-0.235, 0.235, -0.0] [0.145, 0.235, -0.0]
    経路の上：出発 出発と同じ重なり・89歩 出発と同じ重なり・180歩=X 出発と同じ重なり・181歩 すき間 -4.33e-07〜+7.22e-07 → すり抜けの無い姿（出発・89歩・180歩）ではずっと出発と同じ重なり（181歩だけ置かれ方が変わるが、すき間は接触の許容差 1e-6 の内で、その姿はすり抜けありなので証拠に使わない）＝**未確定**
  胴s19.cut(層-11) × 胴s19.keep(層-6)：重なり 1.93e-02
    素材 a：[0.152,0.434] [0.152,0.434] [0.136,0.423] [0.000,0.332] [0.000,0.586] [0.000,0.586]
    素材 b：[-0.152,0.434] [-0.152,0.434] [-0.163,0.449] [-0.254,0.586] [-0.351,0.351] [-0.351,0.351]
    X での位置（重なりの頂点）：[-0.152, 0.434, -0.0] [-0.152, 0.434, -0.0] [-0.136, 0.423, -0.0] [-0.0, 0.332, -0.0] [-0.235, 0.235, -0.0] [-0.235, 0.235, -0.0]
    経路の上：出発 出発と同じ重なり・89歩 出発と同じ重なり・180歩=X 出発と同じ重なり・181歩 出発と同じ重なり → 経路の上の姿ではずっと出発と同じ置かれ方で重なったまま＝**未確定**
  胴s19.cut(層-11) × 胴s19.cut(層-9)：重なり 1.93e-02
    素材 a：[0.000,0.332] [0.000,0.586] [0.152,0.434]
    素材 b：[-0.254,0.586] [-0.000,0.586] [-0.152,0.434]
    X での位置（重なりの頂点）：[-0.0, 0.332, -0.0] [-0.235, 0.235, -0.0] [-0.152, 0.434, -0.0]
    経路の上：出発 出発と同じ重なり・89歩 出発と同じ重なり・180歩=X 出発と同じ重なり・181歩 すき間 -1.79e-07〜+8.80e-19 → すり抜けの無い姿（出発・89歩・180歩）ではずっと出発と同じ重なり（181歩だけ置かれ方が変わるが、すき間は接触の許容差 1e-6 の内で、その姿はすり抜けありなので証拠に使わない）＝**未確定**
  胴s19.cut(層-11) × 胴s19.keep(層-7)：重なり 1.93e-02
    素材 a：[0.152,0.434] [0.152,0.434] [0.000,0.332] [0.000,0.586] [0.000,0.586]
    素材 b：[-0.000,0.801] [-0.000,0.801] [-0.180,0.765] [-0.082,1.000] [-0.082,1.000]
    X での位置（重なりの頂点）：[-0.152, 0.434, -0.0] [-0.152, 0.434, -0.0] [-0.0, 0.332, -0.0] [-0.235, 0.235, -0.0] [-0.235, 0.235, -0.0]
    経路の上：出発 出発と同じ重なり・89歩 出発と同じ重なり・180歩=X 出発と同じ重なり・181歩 出発と同じ重なり → 経路の上の姿ではずっと出発と同じ置かれ方で重なったまま＝**未確定**
  胴s19.cut(層-11) × 胴s19.cut(層-8)：重なり 1.93e-02
    素材 a：[0.152,0.434] [0.101,0.399] [0.000,0.332] [0.000,0.586] [0.000,0.586]
    素材 b：[-0.000,0.801] [-0.061,0.789] [-0.180,0.765] [-0.000,0.586] [-0.000,0.586]
    X での位置（重なりの頂点）：[-0.152, 0.434, -0.0] [-0.101, 0.399, -0.0] [-0.0, 0.332, -0.0] [-0.235, 0.235, -0.0] [-0.235, 0.235, -0.0]
    経路の上：出発 出発と同じ重なり・89歩 出発と同じ重なり・180歩=X 出発と同じ重なり・181歩 出発と同じ重なり → 経路の上の姿ではずっと出発と同じ置かれ方で重なったまま＝**未確定**
  胴s19.cut(層-11) × 胴s19.keep(層-5)：重なり 1.93e-02
    素材 a：[0.152,0.434] [0.152,0.434] [0.115,0.408] [0.000,0.332] [0.000,0.586] [0.000,0.586]
    素材 b：[-0.152,0.434] [-0.152,0.434] [-0.115,0.408] [-0.000,0.332] [-0.235,0.235] [-0.235,0.235]
    X での位置（重なりの頂点）：[-0.152, 0.434, -0.0] [-0.152, 0.434, -0.0] [-0.115, 0.408, -0.0] [-0.0, 0.332, -0.0] [-0.235, 0.235, -0.0] [-0.235, 0.235, -0.0]
    経路の上：出発 出発と同じ重なり・89歩 出発と同じ重なり・180歩=X 出発と同じ重なり・181歩 出発と同じ重なり → 経路の上の姿ではずっと出発と同じ置かれ方で重なったまま＝**未確定**

[1c] まとめ：背 6本のうち経路で決まる 0・未確定 6／重なり 35組のうち経路で決まる 0・未確定 35
  ⚠ 経路の上の姿は4つだけ（出発・89歩・180歩・181歩。181歩は別の組ですり抜けあり＝証拠に使わない）。

[2][3] 接触条件が確認できない（未確定の条件がある）ので、⑬の固定を外す検査と一歩進める検査は**行わない**。
  参考（layer の上下で向きを決めたままの計算であって、確認ではない）：
    ⑬ 0° 固定：核 9次元・向き 無い／⑬ も自由：核 9次元・向き 無い
    参考：⑬ 0° 固定で、未確定の条件（上の 6本・35組）だけを外すと：向き ある

ALL OK
