# つる⑬ 既存操作だけで観察の手順を通せるか（2026-09-18T12:22:44.985Z）
⑫の紙：面 48・結び 76・手 23／指紋 9f88c3552cc6…（crane13_input.json 9f88c3552cc6… 一致）
脚1の8面（crane13_cutline.json）：いまの紙に 8/8・層 -19,-18,-3,-2,-1,0,1,3
⑬の線（いまの座標）：[-0.523,0.2862]–[-0.375,0.375]・長さ 0.1726／脚の先端 [-1,1]

## (a) ⑬の線で先の8層を外へ fold（180°・平ら）
  [谷] 動く側の点 [-0.6327,0.5537]（いちばん上 脚+3）
    つながっているフラップ：通る（8面・脚1の面 8/8）
    この側を全部：通る（16面・脚1の面 8/8・ほか 8）
    上から1枚：断る「つながっている紙が置き去りになって裂けます（上からの枚数を増やして、つながっている紙も一緒に選んでください）」
    上から2枚：断る「つながっている紙が置き去りになって裂けます（上からの枚数を増やして、つながっている紙も一緒に選んでください）」
    上から3枚：断る「つながっている紙が置き去りになって裂けます（上からの枚数を増やして、つながっている紙も一緒に選んでください）」
    上から4枚：断る「つながっている紙が置き去りになって裂けます（上からの枚数を増やして、つながっている紙も一緒に選んでください）」
    上から5枚：断る「つながっている紙が置き去りになって裂けます（上からの枚数を増やして、つながっている紙も一緒に選んでください）」
    上から6枚：断る「つながっている紙が置き去りになって裂けます（上からの枚数を増やして、つながっている紙も一緒に選んでください）」
    上から7枚：断る「つながっている紙が置き去りになって裂けます（上からの枚数を増やして、つながっている紙も一緒に選んでください）」
    上から8枚：通る（8面・脚1の面 8/8）
    確定：つながっているフラップ・手 s24・面 56
    ⑬の折り目：層-19 1/1本(hinge)・層-18 1/1本(hinge)・層-3 1/1本(hinge)・層-2 1/1本(hinge)・層-1 1/1本(hinge)・層0 1/1本(hinge)・層1 1/1本(hinge)・層3 1/1本(hinge)　→ 8層すべてに素材座標で ORIPA の線の上の結び：**付いた**
    検査（(a) V）：flatState true／再生一致 true／結びの線のずれ 1.3e-15／保存→再読込 true／undo・redo（1手）true
  [山] 動く側の点 [-0.6327,0.5537]（いちばん上 脚+3）
    つながっているフラップ：通る（8面・脚1の面 8/8）
    この側を全部：通る（16面・脚1の面 8/8・ほか 8）
    上から1枚：断る「下に敷かれている紙があります（その紙も一緒に選んでください）」
    上から2枚：断る「下に敷かれている紙があります（その紙も一緒に選んでください）」
    上から3枚：断る「下に敷かれている紙があります（その紙も一緒に選んでください）」
    上から4枚：断る「下に敷かれている紙があります（その紙も一緒に選んでください）」
    上から5枚：断る「下に敷かれている紙があります（その紙も一緒に選んでください）」
    上から6枚：断る「下に敷かれている紙があります（その紙も一緒に選んでください）」
    上から7枚：断る「下に敷かれている紙があります（その紙も一緒に選んでください）」
    上から8枚：通る（8面・脚1の面 8/8）
    確定：つながっているフラップ・手 s24・面 56
    ⑬の折り目：層-19 1/1本(hinge)・層-18 1/1本(hinge)・層-3 1/1本(hinge)・層-2 1/1本(hinge)・層-1 1/1本(hinge)・層0 1/1本(hinge)・層1 1/1本(hinge)・層3 1/1本(hinge)　→ 8層すべてに素材座標で ORIPA の線の上の結び：**付いた**
    検査（(a) M）：flatState true／再生一致 true／結びの線のずれ 1.3e-15／保存→再読込 true／undo・redo（1手）true

## (b1) (a) で折った⑬の背を「背を開く」で戻す（折り目だけ残して紙は元の位置へ）
  [谷で折った紙] ⑬の背の区間 8（見える 2・両側一致 8）
    背 hinge:s24#6 を 脚-19·先 から開く：通る（動いた面 8）
    戻したあと：どの面も⑫のときの置かれ方と同じ true／⑬の結び 8本（種類 crease・開いた手 s25）
    検査（(b1) V）：flatState true／再生一致 true／結びの線のずれ 1.3e-15／保存→再読込 true／undo・redo（2手）true
  [山で折った紙] ⑬の背の区間 8（見える 1・両側一致 8）
    背 hinge:s24#3 を 脚+3·元 から：断る「いっしょに動く紙が背の両側にまたがっています（この背の軸1本では開けません）: paper/s1.keep/s2.keep/s5.keep/s7.keep/s8.keep/s23.cut, paper/s1.keep/s2.keep/s5.keep/s7.keep/s8.keep/s23.keep, paper/s1.keep/s2.cut/s3.cut/s8.keep/s14.keep/s19.keep, paper/s1.keep/s2.cut/s3.cut/s8.keep/s14.keep/s19.cut, paper/s1.keep/s2.cut/s3.cut/s8.keep/s14.cut/s19.cut, paper/s1.keep/s2.cut/s3.cut/s8.keep/s14.cut/s19.keep, paper/s1.keep/s2.keep/s5.keep/s7.cut/s23.cut, paper/s1.keep/s2.keep/s5.keep/s7.cut/s23.keep」
    → 戻せなかった

## (b2) ⑫の紙へ op:'crease' で8層に一度に⑬の折り目
    つながっているフラップ：通る（8面・脚1の面 8/8）
    この側を全部：通る（16面・脚1の面 8/8・ほか 8）
    上から1枚：通る（1面・脚1の面 1/8）
    上から2枚：通る（2面・脚1の面 2/8）
    上から3枚：通る（3面・脚1の面 3/8）
    上から4枚：通る（4面・脚1の面 4/8）
    上から5枚：通る（5面・脚1の面 5/8）
    上から6枚：通る（6面・脚1の面 6/8）
    上から7枚：通る（7面・脚1の面 7/8）
    上から8枚：通る（8面・脚1の面 8/8）
    確定：つながっているフラップ・手 s24／⑬の折り目：層-19 1/1(crease)・層-18 1/1(crease)・層-3 1/1(crease)・層-2 1/1(crease)・層-1 1/1(crease)・層0 1/1(crease)・層1 1/1(crease)・層3 1/1(crease)
    検査（(b2)）：flatState true／再生一致 true／結びの線のずれ 1.3e-15／保存→再読込 true／undo・redo（1手）true

## (c) (b) の紙で、胴の片側を「背を開く」で開く（付け根の背＝中心線の上の背）
  [b1-V] 見える背 20・そのうち中心線の上 3
    背 hinge:s6#1（脚+3·元|脚+1·元）：脚+3·元：断る「背の軸の外でも紙がつながっていて、この背の軸1本では開けません（複数の軸を同時に動かす形です）」／脚+1·元：いちばん上でない
    背 hinge:s6#2（脚+3·先|脚+1·先）：脚+3·先：断る「背の軸の外でも紙がつながっていて、この背の軸1本では開けません（複数の軸を同時に動かす形です）」／脚+1·先：いちばん上でない
    背 hinge:s7#2（胴等|胴等）：胴等：断る「背の軸の外でも紙がつながっていて、この背の軸1本では開けません（複数の軸を同時に動かす形です）」／胴等：いちばん上でない
  [b1-V・裏返して] 見える背 20・そのうち中心線の上 3
    背 hinge:s14#3（胴等|胴等）：胴等：断る「背の軸の外でも紙がつながっていて、この背の軸1本では開けません（複数の軸を同時に動かす形です）」／胴等：いちばん上でない
    背 hinge:s15#1（脚-19·元|脚-18·元）：脚-19·元：断る「背の軸の外でも紙がつながっていて、この背の軸1本では開けません（複数の軸を同時に動かす形です）」／脚-18·元：いちばん上でない
    背 hinge:s15#3（脚-19·先|脚-18·先）：脚-19·先：断る「背の軸の外でも紙がつながっていて、この背の軸1本では開けません（複数の軸を同時に動かす形です）」／脚-18·先：いちばん上でない
  [b2] 見える背 20・そのうち中心線の上 3
    背 hinge:s6#1（脚+3·元|脚+1·元）：脚+3·元：断る「背の軸の外でも紙がつながっていて、この背の軸1本では開けません（複数の軸を同時に動かす形です）」／脚+1·元：いちばん上でない
    背 hinge:s6#2（脚+3·先|脚+1·先）：脚+3·先：断る「背の軸の外でも紙がつながっていて、この背の軸1本では開けません（複数の軸を同時に動かす形です）」／脚+1·先：いちばん上でない
    背 hinge:s7#2（胴等|胴等）：胴等：断る「背の軸の外でも紙がつながっていて、この背の軸1本では開けません（複数の軸を同時に動かす形です）」／胴等：いちばん上でない
  [b2・裏返して] 見える背 20・そのうち中心線の上 3
    背 hinge:s14#3（胴等|胴等）：胴等：断る「背の軸の外でも紙がつながっていて、この背の軸1本では開けません（複数の軸を同時に動かす形です）」／胴等：いちばん上でない
    背 hinge:s15#1（脚-19·元|脚-18·元）：脚-19·元：断る「背の軸の外でも紙がつながっていて、この背の軸1本では開けません（複数の軸を同時に動かす形です）」／脚-18·元：いちばん上でない
    背 hinge:s15#3（脚-19·先|脚-18·先）：脚-19·先：断る「背の軸の外でも紙がつながっていて、この背の軸1本では開けません（複数の軸を同時に動かす形です）」／脚-18·先：いちばん上でない

## (c') 中心線の上の背ぜんぶ（見えない背も）：一緒に動く紙の集合と、背の相手へ回り込む結びの道
  [b1-V] 中心線の上の背 11（見える 3）
    背 hinge:s2#1（見えない） 胴等|胴等：胴等 側：集合 16面（脚1 8・ほか 8）＝**輪にならない**／胴等 側：集合 16面（脚1 8・ほか 8）＝**輪にならない**
    背 hinge:s2#2（見えない） 脚-2·元|脚-1·元：脚-2·元 側：集合 16面（脚1 8・ほか 8）＝**輪にならない**／脚-1·元 側：集合 16面（脚1 8・ほか 8）＝**輪にならない**
    背 hinge:s2#3（見えない） 脚-2·先|脚-1·先：脚-2·先 側：集合 16面（脚1 8・ほか 8）＝**輪にならない**／脚-1·先 側：集合 16面（脚1 8・ほか 8）＝**輪にならない**
    背 hinge:s2#4（見えない） 胴等|胴等：胴等 側：集合 12面（脚1 0・ほか 12）＝**輪にならない**／胴等 側：集合 12面（脚1 0・ほか 12）＝**輪にならない**
    背 hinge:s2#5（見えない） 胴等|胴等：胴等 側：集合 12面（脚1 0・ほか 12）＝**輪にならない**／胴等 側：集合 12面（脚1 0・ほか 12）＝**輪にならない**
    背 hinge:s6#1 脚+3·元|脚+1·元：脚+3·元 側：集合 16面で相手 脚+1·元 に届く＝輪。道 脚+3·元→胴等（crease・手s8） → 胴等→胴等（hinge・手s5） → 胴等→胴等（hinge・手s8） → 胴等→胴等（hinge・手s6） → 胴等→脚+1·元（crease・手s5）／脚+1·元 側：集合 16面で相手 脚+3·元 に届く＝輪。道 脚+1·元→胴等（crease・手s5） → 胴等→胴等（hinge・手s6） → 胴等→胴等（hinge・手s8） → 胴等→胴等（hinge・手s5） → 胴等→脚+3·元（crease・手s8）
    背 hinge:s6#2 脚+3·先|脚+1·先：脚+3·先 側：集合 16面で相手 脚+1·先 に届く＝輪。道 脚+3·先→脚+3·元（crease・手s24） → 脚+3·元→胴等（crease・手s8） → 胴等→胴等（hinge・手s5） → 胴等→胴等（hinge・手s8） → 胴等→胴等（hinge・手s6） → 胴等→脚+1·元（crease・手s5） → 脚+1·元→脚+1·先（crease・手s24）／脚+1·先 側：集合 16面で相手 脚+3·先 に届く＝輪。道 脚+1·先→脚+1·元（crease・手s24） → 脚+1·元→胴等（crease・手s5） → 胴等→胴等（hinge・手s6） → 胴等→胴等（hinge・手s8） → 胴等→胴等（hinge・手s5） → 胴等→脚+3·元（crease・手s8） → 脚+3·元→脚+3·先（crease・手s24）
    背 hinge:s7#2 胴等|胴等：胴等 側：集合 12面で相手 胴等 に届く＝輪。道 胴等→胴等（crease・手s8） → 胴等→胴等（hinge・手s5） → 胴等→胴等（hinge・手s8） → 胴等→胴等（hinge・手s7） → 胴等→胴等（crease・手s5）／胴等 側：集合 12面で相手 胴等 に届く＝輪。道 胴等→胴等（crease・手s5） → 胴等→胴等（hinge・手s7） → 胴等→胴等（hinge・手s8） → 胴等→胴等（hinge・手s5） → 胴等→胴等（crease・手s8）
    背 hinge:s14#3（見えない） 胴等|胴等：胴等 側：集合 12面で相手 胴等 に届く＝輪。道 胴等→胴等（crease・手s8） → 胴等→胴等（hinge・手s3） → 胴等→胴等（hinge・手s8） → 胴等→胴等（hinge・手s14） → 胴等→胴等（crease・手s3）／胴等 側：集合 12面で相手 胴等 に届く＝輪。道 胴等→胴等（crease・手s3） → 胴等→胴等（hinge・手s14） → 胴等→胴等（hinge・手s8） → 胴等→胴等（hinge・手s3） → 胴等→胴等（crease・手s8）
    背 hinge:s15#1（見えない） 脚-19·元|脚-18·元：脚-19·元 側：集合 16面で相手 脚-18·元 に届く＝輪。道 脚-19·元→胴等（crease・手s8） → 胴等→胴等（hinge・手s3） → 胴等→胴等（hinge・手s8） → 胴等→胴等（hinge・手s15） → 胴等→脚-18·元（crease・手s3）／脚-18·元 側：集合 16面で相手 脚-19·元 に届く＝輪。道 脚-18·元→胴等（crease・手s3） → 胴等→胴等（hinge・手s15） → 胴等→胴等（hinge・手s8） → 胴等→胴等（hinge・手s3） → 胴等→脚-19·元（crease・手s8）
    背 hinge:s15#3（見えない） 脚-19·先|脚-18·先：脚-19·先 側：集合 16面で相手 脚-18·先 に届く＝輪。道 脚-19·先→脚-19·元（crease・手s24） → 脚-19·元→胴等（crease・手s8） → 胴等→胴等（hinge・手s3） → 胴等→胴等（hinge・手s8） → 胴等→胴等（hinge・手s15） → 胴等→脚-18·元（crease・手s3） → 脚-18·元→脚-18·先（crease・手s24）／脚-18·先 側：集合 16面で相手 脚-19·先 に届く＝輪。道 脚-18·先→脚-18·元（crease・手s24） → 脚-18·元→胴等（crease・手s3） → 胴等→胴等（hinge・手s15） → 胴等→胴等（hinge・手s8） → 胴等→胴等（hinge・手s3） → 胴等→脚-19·元（crease・手s8） → 脚-19·元→脚-19·先（crease・手s24）

→ crane13_steps_probe.log ／ crane13_steps_probe.json

## (c'') 輪にならない中心線の背を proposeOpen に直接渡す（画面は見える背しかつかめない＝ここは API で直接）
  [b1-V] 背 hinge:s2#1（見えない） を 胴等 側（16面）で開く：指せる場所が無い（どの面の重心でも、いちばん上がこの集合の面でない）
  [b1-V] 背 hinge:s2#1（見えない） を 胴等 側から開く：**通る**（動いた面 16：脚1 8＝脚+0·元 脚+0·先 脚+1·元 脚+1·先 脚+3·元 脚+3·先 脚-1·元 脚-1·先／胴等 8）
      止まった脚1の面：脚-18·元 脚-18·先 脚-19·元 脚-19·先 脚-2·元 脚-2·先 脚-3·元 脚-3·先
    検査（(c'') b1-V:hinge:s2#1:胴等）：flatState true／再生一致 true／結びの線のずれ 2.0e-15／保存→再読込 true／undo・redo（1手）true
  [b1-V] 背 hinge:s2#2（見えない） を 脚-2·元 側（16面）で開く：指せる場所が無い（どの面の重心でも、いちばん上がこの集合の面でない）
  [b1-V] 背 hinge:s2#2（見えない） を 脚-1·元 側（16面）で開く：断る「折線から離れた点が、この面の中に作れません」
  [b1-V] 背 hinge:s2#3（見えない） を 脚-2·先 側（16面）で開く：指せる場所が無い（どの面の重心でも、いちばん上がこの集合の面でない）
  [b1-V] 背 hinge:s2#3（見えない） を 脚-1·先 側から開く：**通る**（動いた面 16：脚1 8＝脚+0·元 脚+0·先 脚+1·元 脚+1·先 脚+3·元 脚+3·先 脚-1·元 脚-1·先／胴等 8）
      止まった脚1の面：脚-18·元 脚-18·先 脚-19·元 脚-19·先 脚-2·元 脚-2·先 脚-3·元 脚-3·先
    検査（(c'') b1-V:hinge:s2#3:脚-1·先）：flatState true／再生一致 true／結びの線のずれ 3.6e-15／保存→再読込 true／undo・redo（1手）true
  [b1-V] 背 hinge:s2#4（見えない） を 胴等 側（12面）で開く：指せる場所が無い（どの面の重心でも、いちばん上がこの集合の面でない）
  [b1-V] 背 hinge:s2#4（見えない） を 胴等 側から開く：**通る**（動いた面 12：脚1 0＝／胴等 12）
      止まった脚1の面：脚+0·元 脚+0·先 脚+1·元 脚+1·先 脚+3·元 脚+3·先 脚-18·元 脚-18·先 脚-19·元 脚-19·先 脚-1·元 脚-1·先 脚-2·元 脚-2·先 脚-3·元 脚-3·先
    検査（(c'') b1-V:hinge:s2#4:胴等）：flatState true／再生一致 true／結びの線のずれ 1.3e-15／保存→再読込 true／undo・redo（1手）true
  [b1-V] 背 hinge:s2#5（見えない） を 胴等 側（12面）で開く：指せる場所が無い（どの面の重心でも、いちばん上がこの集合の面でない）
  [b1-V] 背 hinge:s2#5（見えない） を 胴等 側から開く：**通る**（動いた面 12：脚1 0＝／胴等 12）
      止まった脚1の面：脚+0·元 脚+0·先 脚+1·元 脚+1·先 脚+3·元 脚+3·先 脚-18·元 脚-18·先 脚-19·元 脚-19·先 脚-1·元 脚-1·先 脚-2·元 脚-2·先 脚-3·元 脚-3·先
    検査（(c'') b1-V:hinge:s2#5:胴等）：flatState true／再生一致 true／結びの線のずれ 1.3e-15／保存→再読込 true／undo・redo（1手）true
  [b2] 背 hinge:s2#1（見えない） を 胴等 側（16面）で開く：指せる場所が無い（どの面の重心でも、いちばん上がこの集合の面でない）
  [b2] 背 hinge:s2#1（見えない） を 胴等 側から開く：**通る**（動いた面 16：脚1 8＝脚+0·元 脚+0·先 脚+1·元 脚+1·先 脚+3·元 脚+3·先 脚-1·元 脚-1·先／胴等 8）
      止まった脚1の面：脚-18·元 脚-18·先 脚-19·元 脚-19·先 脚-2·元 脚-2·先 脚-3·元 脚-3·先
    検査（(c'') b2:hinge:s2#1:胴等）：flatState true／再生一致 true／結びの線のずれ 1.9e-15／保存→再読込 true／undo・redo（1手）true
  [b2] 背 hinge:s2#2（見えない） を 脚-2·元 側（16面）で開く：指せる場所が無い（どの面の重心でも、いちばん上がこの集合の面でない）
  [b2] 背 hinge:s2#2（見えない） を 脚-1·元 側（16面）で開く：断る「折線から離れた点が、この面の中に作れません」
  [b2] 背 hinge:s2#3（見えない） を 脚-2·先 側（16面）で開く：指せる場所が無い（どの面の重心でも、いちばん上がこの集合の面でない）
  [b2] 背 hinge:s2#3（見えない） を 脚-1·先 側から開く：**通る**（動いた面 16：脚1 8＝脚+0·元 脚+0·先 脚+1·元 脚+1·先 脚+3·元 脚+3·先 脚-1·元 脚-1·先／胴等 8）
      止まった脚1の面：脚-18·元 脚-18·先 脚-19·元 脚-19·先 脚-2·元 脚-2·先 脚-3·元 脚-3·先
    検査（(c'') b2:hinge:s2#3:脚-1·先）：flatState true／再生一致 true／結びの線のずれ 1.7e-15／保存→再読込 true／undo・redo（1手）true
  [b2] 背 hinge:s2#4（見えない） を 胴等 側（12面）で開く：指せる場所が無い（どの面の重心でも、いちばん上がこの集合の面でない）
  [b2] 背 hinge:s2#4（見えない） を 胴等 側から開く：**通る**（動いた面 12：脚1 0＝／胴等 12）
      止まった脚1の面：脚+0·元 脚+0·先 脚+1·元 脚+1·先 脚+3·元 脚+3·先 脚-18·元 脚-18·先 脚-19·元 脚-19·先 脚-1·元 脚-1·先 脚-2·元 脚-2·先 脚-3·元 脚-3·先
    検査（(c'') b2:hinge:s2#4:胴等）：flatState true／再生一致 true／結びの線のずれ 1.3e-15／保存→再読込 true／undo・redo（1手）true
  [b2] 背 hinge:s2#5（見えない） を 胴等 側（12面）で開く：指せる場所が無い（どの面の重心でも、いちばん上がこの集合の面でない）
  [b2] 背 hinge:s2#5（見えない） を 胴等 側から開く：**通る**（動いた面 12：脚1 0＝／胴等 12）
      止まった脚1の面：脚+0·元 脚+0·先 脚+1·元 脚+1·先 脚+3·元 脚+3·先 脚-18·元 脚-18·先 脚-19·元 脚-19·先 脚-1·元 脚-1·先 脚-2·元 脚-2·先 脚-3·元 脚-3·先
    検査（(c'') b2:hinge:s2#5:胴等）：flatState true／再生一致 true／結びの線のずれ 1.3e-15／保存→再読込 true／undo・redo（1手）true

## (d) 開いた紙で、⑬の折り目に沿って各層を折り直す（目標：下4層の先は下4層の元の上へ・上4層の先は開いた側で元の上へ＝閉じたあと2つのかたまりのあいだ）
  [b1-V:hinge:s2#1:胴等] ⑬の折り目：下4層 4本（1本の直線 true）・上4層 4本（1本の直線 true）／2本の直線のなす角 28.0725°
    下4層 谷（動く側の点 [-0.6327,0.5537]・その場所の層 4）：つながっているフラップ：通る（12面：脚+0·元 脚+0·先 脚+1·元 脚+1·先 脚+3·元 脚+3·先 脚-18·先 脚-19·先 脚-1·元 脚-1·先 脚-2·先 脚-3·先）／この側を全部：通る（20面：胴等 胴等 胴等 胴等 胴等 胴等 胴等 胴等 脚+0·元 脚+0·先 脚+1·元 脚+1·先 脚+3·元 脚+3·先 脚-18·先 脚-19·先 脚-1·元 脚-1·先 脚-2·先 脚-3·先）／上から1枚：断る「つながっている紙が置き去りになって裂けます（上からの枚数を増やして、つながっている紙も一緒に選んでください）」／上から2枚：断る「つながっている紙が置き去りになって裂けます（上からの枚数を増やして、つながっている紙も一緒に選んでください）」／上から3枚：断る「つながっている紙が置き去りになって裂けます（上からの枚数を増やして、つながっている紙も一緒に選んでください）」／上から4枚：断る「つながっている紙が置き去りになって裂けます（上からの枚数を増やして、つながっている紙も一緒に選んでください）」
    下4層 山（動く側の点 [-0.6327,0.5537]・その場所の層 4）：つながっているフラップ：断る「下に敷かれている紙があります（その紙も一緒に選んでください）」／この側を全部：通る（20面：胴等 胴等 胴等 胴等 胴等 胴等 胴等 胴等 脚+0·元 脚+0·先 脚+1·元 脚+1·先 脚+3·元 脚+3·先 脚-18·先 脚-19·先 脚-1·元 脚-1·先 脚-2·先 脚-3·先）／上から1枚：断る「下に敷かれている紙があります（その紙も一緒に選んでください）」／上から2枚：断る「下に敷かれている紙があります（その紙も一緒に選んでください）」／上から3枚：断る「下に敷かれている紙があります（その紙も一緒に選んでください）」／上から4枚：断る「下に敷かれている紙があります（その紙も一緒に選んでください）」
    上4層 谷（動く側の点 [-0.5537,0.6327]・その場所の層 12）：つながっているフラップ：通る（12面：脚+0·先 脚+1·先 脚+3·先 脚-18·元 脚-18·先 脚-19·元 脚-19·先 脚-1·先 脚-2·元 脚-2·先 脚-3·元 脚-3·先）／この側を全部：通る（20面：胴等 胴等 胴等 胴等 胴等 胴等 胴等 胴等 脚+0·先 脚+1·先 脚+3·先 脚-18·元 脚-18·先 脚-19·元 脚-19·先 脚-1·先 脚-2·元 脚-2·先 脚-3·元 脚-3·先）／上から1枚：断る「つながっている紙が置き去りになって裂けます（上からの枚数を増やして、つながっている紙も一緒に選んでください）」／上から2枚：断る「つながっている紙が置き去りになって裂けます（上からの枚数を増やして、つながっている紙も一緒に選んでください）」／上から3枚：断る「つながっている紙が置き去りになって裂けます（上からの枚数を増やして、つながっている紙も一緒に選んでください）」／上から4枚：断る「つながっている紙が置き去りになって裂けます（上からの枚数を増やして、つながっている紙も一緒に選んでください）」／上から5枚：断る「つながっている紙が置き去りになって裂けます（上からの枚数を増やして、つながっている紙も一緒に選んでください）」／上から6枚：断る「つながっている紙が置き去りになって裂けます（上からの枚数を増やして、つながっている紙も一緒に選んでください）」／上から7枚：断る「つながっている紙が置き去りになって裂けます（上からの枚数を増やして、つながっている紙も一緒に選んでください）」／上から8枚：断る「つながっている紙が置き去りになって裂けます（上からの枚数を増やして、つながっている紙も一緒に選んでください）」／上から9枚：断る「つながっている紙が置き去りになって裂けます（上からの枚数を増やして、つながっている紙も一緒に選んでください）」／上から10枚：断る「つながっている紙が置き去りになって裂けます（上からの枚数を増やして、つながっている紙も一緒に選んでください）」／上から11枚：断る「つながっている紙が置き去りになって裂けます（上からの枚数を増やして、つながっている紙も一緒に選んでください）」／上から12枚：断る「つながっている紙が置き去りになって裂けます（上からの枚数を増やして、つながっている紙も一緒に選んでください）」
    上4層 山（動く側の点 [-0.5537,0.6327]・その場所の層 12）：つながっているフラップ：断る「下に敷かれている紙があります（その紙も一緒に選んでください）」／この側を全部：通る（20面：胴等 胴等 胴等 胴等 胴等 胴等 胴等 胴等 脚+0·先 脚+1·先 脚+3·先 脚-18·元 脚-18·先 脚-19·元 脚-19·先 脚-1·先 脚-2·元 脚-2·先 脚-3·元 脚-3·先）／上から1枚：断る「下に敷かれている紙があります（その紙も一緒に選んでください）」／上から2枚：断る「下に敷かれている紙があります（その紙も一緒に選んでください）」／上から3枚：断る「下に敷かれている紙があります（その紙も一緒に選んでください）」／上から4枚：断る「下に敷かれている紙があります（その紙も一緒に選んでください）」／上から5枚：断る「下に敷かれている紙があります（その紙も一緒に選んでください）」／上から6枚：断る「下に敷かれている紙があります（その紙も一緒に選んでください）」／上から7枚：断る「下に敷かれている紙があります（その紙も一緒に選んでください）」／上から8枚：断る「下に敷かれている紙があります（その紙も一緒に選んでください）」／上から9枚：断る「下に敷かれている紙があります（その紙も一緒に選んでください）」／上から10枚：断る「下に敷かれている紙があります（その紙も一緒に選んでください）」／上から11枚：断る「下に敷かれている紙があります（その紙も一緒に選んでください）」／上から12枚：断る「下に敷かれている紙があります（その紙も一緒に選んでください）」
  [b1-V:hinge:s2#3:脚-1·先] ⑬の折り目：下4層 4本（1本の直線 true）・上4層 4本（1本の直線 true）／2本の直線のなす角 28.0725°
    下4層 谷（動く側の点 [-0.6327,0.5537]・その場所の層 4）：つながっているフラップ：通る（12面：脚+0·元 脚+0·先 脚+1·元 脚+1·先 脚+3·元 脚+3·先 脚-18·先 脚-19·先 脚-1·元 脚-1·先 脚-2·先 脚-3·先）／この側を全部：通る（20面：胴等 胴等 胴等 胴等 胴等 胴等 胴等 胴等 脚+0·元 脚+0·先 脚+1·元 脚+1·先 脚+3·元 脚+3·先 脚-18·先 脚-19·先 脚-1·元 脚-1·先 脚-2·先 脚-3·先）／上から1枚：断る「つながっている紙が置き去りになって裂けます（上からの枚数を増やして、つながっている紙も一緒に選んでください）」／上から2枚：断る「つながっている紙が置き去りになって裂けます（上からの枚数を増やして、つながっている紙も一緒に選んでください）」／上から3枚：断る「つながっている紙が置き去りになって裂けます（上からの枚数を増やして、つながっている紙も一緒に選んでください）」／上から4枚：断る「つながっている紙が置き去りになって裂けます（上からの枚数を増やして、つながっている紙も一緒に選んでください）」
    下4層 山（動く側の点 [-0.6327,0.5537]・その場所の層 4）：つながっているフラップ：断る「下に敷かれている紙があります（その紙も一緒に選んでください）」／この側を全部：通る（20面：胴等 胴等 胴等 胴等 胴等 胴等 胴等 胴等 脚+0·元 脚+0·先 脚+1·元 脚+1·先 脚+3·元 脚+3·先 脚-18·先 脚-19·先 脚-1·元 脚-1·先 脚-2·先 脚-3·先）／上から1枚：断る「下に敷かれている紙があります（その紙も一緒に選んでください）」／上から2枚：断る「下に敷かれている紙があります（その紙も一緒に選んでください）」／上から3枚：断る「下に敷かれている紙があります（その紙も一緒に選んでください）」／上から4枚：断る「下に敷かれている紙があります（その紙も一緒に選んでください）」
    上4層 谷（動く側の点 [-0.5537,0.6327]・その場所の層 12）：つながっているフラップ：通る（12面：脚+0·先 脚+1·先 脚+3·先 脚-18·元 脚-18·先 脚-19·元 脚-19·先 脚-1·先 脚-2·元 脚-2·先 脚-3·元 脚-3·先）／この側を全部：通る（20面：胴等 胴等 胴等 胴等 胴等 胴等 胴等 胴等 脚+0·先 脚+1·先 脚+3·先 脚-18·元 脚-18·先 脚-19·元 脚-19·先 脚-1·先 脚-2·元 脚-2·先 脚-3·元 脚-3·先）／上から1枚：断る「つながっている紙が置き去りになって裂けます（上からの枚数を増やして、つながっている紙も一緒に選んでください）」／上から2枚：断る「つながっている紙が置き去りになって裂けます（上からの枚数を増やして、つながっている紙も一緒に選んでください）」／上から3枚：断る「つながっている紙が置き去りになって裂けます（上からの枚数を増やして、つながっている紙も一緒に選んでください）」／上から4枚：断る「つながっている紙が置き去りになって裂けます（上からの枚数を増やして、つながっている紙も一緒に選んでください）」／上から5枚：断る「つながっている紙が置き去りになって裂けます（上からの枚数を増やして、つながっている紙も一緒に選んでください）」／上から6枚：断る「つながっている紙が置き去りになって裂けます（上からの枚数を増やして、つながっている紙も一緒に選んでください）」／上から7枚：断る「つながっている紙が置き去りになって裂けます（上からの枚数を増やして、つながっている紙も一緒に選んでください）」／上から8枚：断る「つながっている紙が置き去りになって裂けます（上からの枚数を増やして、つながっている紙も一緒に選んでください）」／上から9枚：断る「つながっている紙が置き去りになって裂けます（上からの枚数を増やして、つながっている紙も一緒に選んでください）」／上から10枚：断る「つながっている紙が置き去りになって裂けます（上からの枚数を増やして、つながっている紙も一緒に選んでください）」／上から11枚：断る「つながっている紙が置き去りになって裂けます（上からの枚数を増やして、つながっている紙も一緒に選んでください）」／上から12枚：断る「つながっている紙が置き去りになって裂けます（上からの枚数を増やして、つながっている紙も一緒に選んでください）」
    上4層 山（動く側の点 [-0.5537,0.6327]・その場所の層 12）：つながっているフラップ：断る「下に敷かれている紙があります（その紙も一緒に選んでください）」／この側を全部：通る（20面：胴等 胴等 胴等 胴等 胴等 胴等 胴等 胴等 脚+0·先 脚+1·先 脚+3·先 脚-18·元 脚-18·先 脚-19·元 脚-19·先 脚-1·先 脚-2·元 脚-2·先 脚-3·元 脚-3·先）／上から1枚：断る「下に敷かれている紙があります（その紙も一緒に選んでください）」／上から2枚：断る「下に敷かれている紙があります（その紙も一緒に選んでください）」／上から3枚：断る「下に敷かれている紙があります（その紙も一緒に選んでください）」／上から4枚：断る「下に敷かれている紙があります（その紙も一緒に選んでください）」／上から5枚：断る「下に敷かれている紙があります（その紙も一緒に選んでください）」／上から6枚：断る「下に敷かれている紙があります（その紙も一緒に選んでください）」／上から7枚：断る「下に敷かれている紙があります（その紙も一緒に選んでください）」／上から8枚：断る「下に敷かれている紙があります（その紙も一緒に選んでください）」／上から9枚：断る「下に敷かれている紙があります（その紙も一緒に選んでください）」／上から10枚：断る「下に敷かれている紙があります（その紙も一緒に選んでください）」／上から11枚：断る「下に敷かれている紙があります（その紙も一緒に選んでください）」／上から12枚：断る「下に敷かれている紙があります（その紙も一緒に選んでください）」
  [b2:hinge:s2#1:胴等] ⑬の折り目：下4層 4本（1本の直線 true）・上4層 4本（1本の直線 true）／2本の直線のなす角 28.0725°
    下4層 谷（動く側の点 [-0.6327,0.5537]・その場所の層 4）：つながっているフラップ：通る（12面：脚+0·元 脚+0·先 脚+1·元 脚+1·先 脚+3·元 脚+3·先 脚-18·先 脚-19·先 脚-1·元 脚-1·先 脚-2·先 脚-3·先）／この側を全部：通る（20面：胴等 胴等 胴等 胴等 胴等 胴等 胴等 胴等 脚+0·元 脚+0·先 脚+1·元 脚+1·先 脚+3·元 脚+3·先 脚-18·先 脚-19·先 脚-1·元 脚-1·先 脚-2·先 脚-3·先）／上から1枚：断る「つながっている紙が置き去りになって裂けます（上からの枚数を増やして、つながっている紙も一緒に選んでください）」／上から2枚：断る「つながっている紙が置き去りになって裂けます（上からの枚数を増やして、つながっている紙も一緒に選んでください）」／上から3枚：断る「つながっている紙が置き去りになって裂けます（上からの枚数を増やして、つながっている紙も一緒に選んでください）」／上から4枚：断る「つながっている紙が置き去りになって裂けます（上からの枚数を増やして、つながっている紙も一緒に選んでください）」
    下4層 山（動く側の点 [-0.6327,0.5537]・その場所の層 4）：つながっているフラップ：断る「下に敷かれている紙があります（その紙も一緒に選んでください）」／この側を全部：通る（20面：胴等 胴等 胴等 胴等 胴等 胴等 胴等 胴等 脚+0·元 脚+0·先 脚+1·元 脚+1·先 脚+3·元 脚+3·先 脚-18·先 脚-19·先 脚-1·元 脚-1·先 脚-2·先 脚-3·先）／上から1枚：断る「下に敷かれている紙があります（その紙も一緒に選んでください）」／上から2枚：断る「下に敷かれている紙があります（その紙も一緒に選んでください）」／上から3枚：断る「下に敷かれている紙があります（その紙も一緒に選んでください）」／上から4枚：断る「下に敷かれている紙があります（その紙も一緒に選んでください）」
    上4層 谷（動く側の点 [-0.5537,0.6327]・その場所の層 12）：つながっているフラップ：通る（12面：脚+0·先 脚+1·先 脚+3·先 脚-18·元 脚-18·先 脚-19·元 脚-19·先 脚-1·先 脚-2·元 脚-2·先 脚-3·元 脚-3·先）／この側を全部：通る（20面：胴等 胴等 胴等 胴等 胴等 胴等 胴等 胴等 脚+0·先 脚+1·先 脚+3·先 脚-18·元 脚-18·先 脚-19·元 脚-19·先 脚-1·先 脚-2·元 脚-2·先 脚-3·元 脚-3·先）／上から1枚：断る「つながっている紙が置き去りになって裂けます（上からの枚数を増やして、つながっている紙も一緒に選んでください）」／上から2枚：断る「つながっている紙が置き去りになって裂けます（上からの枚数を増やして、つながっている紙も一緒に選んでください）」／上から3枚：断る「つながっている紙が置き去りになって裂けます（上からの枚数を増やして、つながっている紙も一緒に選んでください）」／上から4枚：断る「つながっている紙が置き去りになって裂けます（上からの枚数を増やして、つながっている紙も一緒に選んでください）」／上から5枚：断る「つながっている紙が置き去りになって裂けます（上からの枚数を増やして、つながっている紙も一緒に選んでください）」／上から6枚：断る「つながっている紙が置き去りになって裂けます（上からの枚数を増やして、つながっている紙も一緒に選んでください）」／上から7枚：断る「つながっている紙が置き去りになって裂けます（上からの枚数を増やして、つながっている紙も一緒に選んでください）」／上から8枚：断る「つながっている紙が置き去りになって裂けます（上からの枚数を増やして、つながっている紙も一緒に選んでください）」／上から9枚：断る「つながっている紙が置き去りになって裂けます（上からの枚数を増やして、つながっている紙も一緒に選んでください）」／上から10枚：断る「つながっている紙が置き去りになって裂けます（上からの枚数を増やして、つながっている紙も一緒に選んでください）」／上から11枚：断る「つながっている紙が置き去りになって裂けます（上からの枚数を増やして、つながっている紙も一緒に選んでください）」／上から12枚：断る「つながっている紙が置き去りになって裂けます（上からの枚数を増やして、つながっている紙も一緒に選んでください）」
    上4層 山（動く側の点 [-0.5537,0.6327]・その場所の層 12）：つながっているフラップ：断る「下に敷かれている紙があります（その紙も一緒に選んでください）」／この側を全部：通る（20面：胴等 胴等 胴等 胴等 胴等 胴等 胴等 胴等 脚+0·先 脚+1·先 脚+3·先 脚-18·元 脚-18·先 脚-19·元 脚-19·先 脚-1·先 脚-2·元 脚-2·先 脚-3·元 脚-3·先）／上から1枚：断る「下に敷かれている紙があります（その紙も一緒に選んでください）」／上から2枚：断る「下に敷かれている紙があります（その紙も一緒に選んでください）」／上から3枚：断る「下に敷かれている紙があります（その紙も一緒に選んでください）」／上から4枚：断る「下に敷かれている紙があります（その紙も一緒に選んでください）」／上から5枚：断る「下に敷かれている紙があります（その紙も一緒に選んでください）」／上から6枚：断る「下に敷かれている紙があります（その紙も一緒に選んでください）」／上から7枚：断る「下に敷かれている紙があります（その紙も一緒に選んでください）」／上から8枚：断る「下に敷かれている紙があります（その紙も一緒に選んでください）」／上から9枚：断る「下に敷かれている紙があります（その紙も一緒に選んでください）」／上から10枚：断る「下に敷かれている紙があります（その紙も一緒に選んでください）」／上から11枚：断る「下に敷かれている紙があります（その紙も一緒に選んでください）」／上から12枚：断る「下に敷かれている紙があります（その紙も一緒に選んでください）」
  [b2:hinge:s2#3:脚-1·先] ⑬の折り目：下4層 4本（1本の直線 true）・上4層 4本（1本の直線 true）／2本の直線のなす角 28.0725°
    下4層 谷（動く側の点 [-0.6327,0.5537]・その場所の層 4）：つながっているフラップ：通る（12面：脚+0·元 脚+0·先 脚+1·元 脚+1·先 脚+3·元 脚+3·先 脚-18·先 脚-19·先 脚-1·元 脚-1·先 脚-2·先 脚-3·先）／この側を全部：通る（20面：胴等 胴等 胴等 胴等 胴等 胴等 胴等 胴等 脚+0·元 脚+0·先 脚+1·元 脚+1·先 脚+3·元 脚+3·先 脚-18·先 脚-19·先 脚-1·元 脚-1·先 脚-2·先 脚-3·先）／上から1枚：断る「つながっている紙が置き去りになって裂けます（上からの枚数を増やして、つながっている紙も一緒に選んでください）」／上から2枚：断る「つながっている紙が置き去りになって裂けます（上からの枚数を増やして、つながっている紙も一緒に選んでください）」／上から3枚：断る「つながっている紙が置き去りになって裂けます（上からの枚数を増やして、つながっている紙も一緒に選んでください）」／上から4枚：断る「つながっている紙が置き去りになって裂けます（上からの枚数を増やして、つながっている紙も一緒に選んでください）」
    下4層 山（動く側の点 [-0.6327,0.5537]・その場所の層 4）：つながっているフラップ：断る「下に敷かれている紙があります（その紙も一緒に選んでください）」／この側を全部：通る（20面：胴等 胴等 胴等 胴等 胴等 胴等 胴等 胴等 脚+0·元 脚+0·先 脚+1·元 脚+1·先 脚+3·元 脚+3·先 脚-18·先 脚-19·先 脚-1·元 脚-1·先 脚-2·先 脚-3·先）／上から1枚：断る「下に敷かれている紙があります（その紙も一緒に選んでください）」／上から2枚：断る「下に敷かれている紙があります（その紙も一緒に選んでください）」／上から3枚：断る「下に敷かれている紙があります（その紙も一緒に選んでください）」／上から4枚：断る「下に敷かれている紙があります（その紙も一緒に選んでください）」
    上4層 谷（動く側の点 [-0.5537,0.6327]・その場所の層 12）：つながっているフラップ：通る（12面：脚+0·先 脚+1·先 脚+3·先 脚-18·元 脚-18·先 脚-19·元 脚-19·先 脚-1·先 脚-2·元 脚-2·先 脚-3·元 脚-3·先）／この側を全部：通る（20面：胴等 胴等 胴等 胴等 胴等 胴等 胴等 胴等 脚+0·先 脚+1·先 脚+3·先 脚-18·元 脚-18·先 脚-19·元 脚-19·先 脚-1·先 脚-2·元 脚-2·先 脚-3·元 脚-3·先）／上から1枚：断る「つながっている紙が置き去りになって裂けます（上からの枚数を増やして、つながっている紙も一緒に選んでください）」／上から2枚：断る「つながっている紙が置き去りになって裂けます（上からの枚数を増やして、つながっている紙も一緒に選んでください）」／上から3枚：断る「つながっている紙が置き去りになって裂けます（上からの枚数を増やして、つながっている紙も一緒に選んでください）」／上から4枚：断る「つながっている紙が置き去りになって裂けます（上からの枚数を増やして、つながっている紙も一緒に選んでください）」／上から5枚：断る「つながっている紙が置き去りになって裂けます（上からの枚数を増やして、つながっている紙も一緒に選んでください）」／上から6枚：断る「つながっている紙が置き去りになって裂けます（上からの枚数を増やして、つながっている紙も一緒に選んでください）」／上から7枚：断る「つながっている紙が置き去りになって裂けます（上からの枚数を増やして、つながっている紙も一緒に選んでください）」／上から8枚：断る「つながっている紙が置き去りになって裂けます（上からの枚数を増やして、つながっている紙も一緒に選んでください）」／上から9枚：断る「つながっている紙が置き去りになって裂けます（上からの枚数を増やして、つながっている紙も一緒に選んでください）」／上から10枚：断る「つながっている紙が置き去りになって裂けます（上からの枚数を増やして、つながっている紙も一緒に選んでください）」／上から11枚：断る「つながっている紙が置き去りになって裂けます（上からの枚数を増やして、つながっている紙も一緒に選んでください）」／上から12枚：断る「つながっている紙が置き去りになって裂けます（上からの枚数を増やして、つながっている紙も一緒に選んでください）」
    上4層 山（動く側の点 [-0.5537,0.6327]・その場所の層 12）：つながっているフラップ：断る「下に敷かれている紙があります（その紙も一緒に選んでください）」／この側を全部：通る（20面：胴等 胴等 胴等 胴等 胴等 胴等 胴等 胴等 脚+0·先 脚+1·先 脚+3·先 脚-18·元 脚-18·先 脚-19·元 脚-19·先 脚-1·先 脚-2·元 脚-2·先 脚-3·元 脚-3·先）／上から1枚：断る「下に敷かれている紙があります（その紙も一緒に選んでください）」／上から2枚：断る「下に敷かれている紙があります（その紙も一緒に選んでください）」／上から3枚：断る「下に敷かれている紙があります（その紙も一緒に選んでください）」／上から4枚：断る「下に敷かれている紙があります（その紙も一緒に選んでください）」／上から5枚：断る「下に敷かれている紙があります（その紙も一緒に選んでください）」／上から6枚：断る「下に敷かれている紙があります（その紙も一緒に選んでください）」／上から7枚：断る「下に敷かれている紙があります（その紙も一緒に選んでください）」／上から8枚：断る「下に敷かれている紙があります（その紙も一緒に選んでください）」／上から9枚：断る「下に敷かれている紙があります（その紙も一緒に選んでください）」／上から10枚：断る「下に敷かれている紙があります（その紙も一緒に選んでください）」／上から11枚：断る「下に敷かれている紙があります（その紙も一緒に選んでください）」／上から12枚：断る「下に敷かれている紙があります（その紙も一緒に選んでください）」

## (d') (d) の止まった理由の中身（開いた紙 b2:hinge:s2#3 で）
  下4層の先4面だけを⑬の線（下）で谷：断る「折り目でつながった紙が選ばれていません」・止めた面 脚-1·先 脚-1·元
  下4層の先4面だけを⑬の線（下）で山：断る「折り目でつながった紙が選ばれていません」・止めた面 脚-1·先 脚-1·元
  下の⑬の線で「つながっているフラップ」（12面）：線が面の中を通って新しく割る面 4（脚-1·元 脚+3·元 脚+1·元 脚+0·元）
  上4層の先4面だけを⑬の線（上）で谷：断る「折り目でつながった紙が選ばれていません」・止めた面 脚-2·先 脚-2·元
  上4層の先4面だけを⑬の線（上）で山：断る「下に敷かれている紙があります（その紙も一緒に選んでください）」・止めた面 胴等 胴等 胴等 胴等 胴等 胴等 胴等 胴等
  上の⑬の線で「つながっているフラップ」（12面）：線が面の中を通って新しく割る面 4（脚-2·元 脚-19·元 脚-18·元 脚-3·元）
