紙 56枚・木の変数 55（⑬ 8 は 0 に固定）／脚1の層の折り 14本（内側 4・外側 10）
🚨 鶴全体の検査・1次の確かめ。単独模型の成功とは別。
仕上げ：保存した姿の角の目標とのずれ 1.3e-04 rad → 1.0e-16 rad／角の変化（最大）0.0075°

[A] 姿 X の確かめ
  ①全結び 1.2e-15／②すり抜け 0.0e+00／背が閉じる向き なし
  ③14本の開き（度）：外180.00 外180.00 内-0.00 内-0.00 内-0.00 内-0.00 外180.00 外180.00 外180.00 外180.00 外180.00 外180.00 外180.00 外180.00

[B] X で接している紙の組（隣り合わない2枚・同じ平面の上）
  接している組 425（重なりのある組 168・うち出発と同じ重なり方 168）
  第10段で交わった組は X では**接していない**（平面が違うか離れている）

[C] 核：閉じ＋外側10本 180°＋⑬ 0 の下で動ける向き
  自由な変数 47・拘束の階数 41 → 核の次元 6（1次）
  核の中で内側4本を動かせる次元 2（内側4本の速さの行列の階数）
  0° の背（閉じる向きへ動けない）47本

[D] 線形計画：内側4本を開く向きへ速さ1・重なって接する組は片側へ離れるかすべるだけ・0°の背は閉じない
  重なって接する組 168 のうち、核の中で相対速度が出うる組 168
    s23.keep(層-1) × s23.keep(層0)（重なり 9.95e-02・出発と同じ True）
    s23.keep(層-1) × s23.cut(層7)（重なり 9.95e-02・出発と同じ True）
    s23.keep(層-1) × s19.cut(層-13)（重なり 9.95e-02・出発と同じ True）
    s23.keep(層-1) × s19.keep(層-3)（重なり 9.95e-02・出発と同じ True）
    s23.keep(層-1) × s19.cut(層-12)（重なり 9.95e-02・出発と同じ True）
    s23.cut(層9) × s23.keep(層-3)（重なり 8.19e-03・出発と同じ True）
    s23.cut(層9) × s23.keep(層0)（重なり 9.95e-02・出発と同じ True）
    s23.cut(層9) × s23.keep(層-1)（重なり 8.19e-03・出発と同じ True）
    s23.cut(層9) × s23.keep(層-2)（重なり 8.19e-03・出発と同じ True）
    s23.cut(層9) × s23.keep(層0)（重なり 8.19e-03・出発と同じ True）
    s23.cut(層9) × s19.keep(層-2)（重なり 9.95e-02・出発と同じ True）
    s23.cut(層9) × s19.cut(層-13)（重なり 1.08e-01・出発と同じ True）
  ⚠ 組が 168 で多いので、組ごとの向きは「出発の層の上下が保たれる向き」だけを試す
  内側4本の開く向き（符号）[np.int64(-1), np.int64(-1), np.int64(1), np.int64(1)]／内側の速さの行列の階数 2
    等式だけ（内側を開く）：解ける
    ＋0°の背が閉じない：解けない
    ＋重なった組が交わらない：解けない
    ぜんぶ：解けない
  邪魔している条件（緩みの合計を最小にしたとき、緩みが残るもの）60個：
    0°の背 b18（層-15|-16）：緩み 1.058e-01
    0°の背 b18（層-6|-5）：緩み 1.058e-01
    0°の背 b15（層-9|-10）：緩み 1.058e-01
    0°の背 b4（層-11|-10）：緩み 6.381e-02
    0°の背 b20@0（層-13|-12）：緩み 4.884e-02
    0°の背 b20@1（層-13|-12）：緩み 4.884e-02
    重なった組 s20.keep(層-6) × s20.keep(層-4)：緩み 4.382e-02
    0°の背 b17（層4|5）：緩み 3.884e-02
    0°の背 b17（層-1|-2）：緩み 3.884e-02
    0°の背 b13（層-1|-2）：緩み 3.884e-02
    0°の背 b6（層11|12）：緩み 2.567e-02
    0°の背 b10@0（層9|7）：緩み 1.965e-02
  試した組ごとの向きの組み合わせ 1／**満たす向きは無い（1次）**
  → 1次では、内側を開きながら接する紙どうしが交わらない向きは無い。🚨 2次以上で逃げる道は否定しない。

ALL OK
