🚨 鶴全体の検査・1次の確かめ。単独模型の成功とは別。

[0] 木の変数（折り角）の内訳：子の板がどこにあるかで分ける
  脚1＝首（中割りする脚）：8本（**自由**）
  脚2＝尾（もう1本の脚）：8本（**自由**）
  胴（羽・胴の層）：31本（**自由**）
  ⑬の切り口（0 に固定）：8本
  自由な変数 47／ぜんぶ 55。木の外の結び 43本は閉じの拘束。根＝s22.keep(層0)（羽の先に近い面・動かない基準）
  → **胴と尾の折り角は、第11段でも自由な変数に入っている**（固定していたのは ⑬ の8本と、第11段では外側10本の角だけ）。

[A] 姿 X（第11段と同じ）：全結び 1.2e-15／すり抜け 0.0e+00／閉じる向きの背 なし／角のずれ 1.0e-16 rad

  重なって接する組 168・0° の背 47本・外側 10本・内側 4本（開く向き [np.int64(-1), np.int64(-1), np.int64(1), np.int64(1)]）

[B] 比較（1次・動ける向きがあるか）
  | 条件 | 第11段（外側 180° 固定） | 今回（外側は 180° から戻る側だけ） |
  |---|---|---|
  | 核の次元 | 6 | 9 |
  | 核の中で内側を動かせる次元 | 2 | 2 |
  | 内側を開く | ある | ある |
  | 内側を開く（＋背） | **無い** | **無い** |
  | 内側を開く（＋重なり） | **無い** | **無い** |
  | 内側を開く（ぜんぶ） | **無い** | **無い** |
  第11段：邪魔する条件 60個（緩みの合計 1.430e+00）。上位：背 b18[胴層-15|胴層-16] 0.1058／背 b18[胴層-6|胴層-5] 0.1058／背 b15[胴層-9|胴層-10] 0.1058／背 b4[胴層-11|胴層-10] 0.0638／背 b20@0[尾層-13|尾層-12] 0.0488／背 b20@1[尾層-13|尾層-12] 0.0488／重なり 胴s20.keep(層-6) × 胴s20.keep(層-4) 0.0438／背 b17[胴層4|胴層5] 0.0388／背 b17[胴層-1|胴層-2] 0.0388／背 b13[胴層-1|胴層-2] 0.0388
    　内訳（緩みの合計）：背：胴だけ 5.234e-01／重なり：胴だけ 4.719e-01／背：尾を含む 1.370e-01／重なり：尾を含む 5.449e-02
  今回：邪魔する条件 41個（緩みの合計 1.204e-02）。上位：背 b4[胴層-11|胴層-10] 0.0011／背 b20@0[尾層-13|尾層-12] 0.0008／背 b20@1[尾層-13|尾層-12] 0.0008／重なり 胴s23.keep(層-1) × 胴s19.keep(層-7) 0.0005／重なり 胴s23.keep(層0) × 胴s19.keep(層-7) 0.0005／重なり 胴s23.keep(層-1) × 胴s19.keep(層-6) 0.0005／重なり 胴s23.keep(層0) × 胴s19.keep(層-6) 0.0005／背 b6[胴層11|胴層12] 0.0002／重なり 胴s23.cut(層10) × 胴s19.cut(層-9) 0.0002／重なり 胴s23.cut(層10) × 胴s19.keep(層-7) 0.0002
    　内訳（緩みの合計）：重なり：胴だけ 5.408e-03／背：尾を含む 1.991e-03／背：胴だけ 1.301e-03／重なり：尾を含む 7.925e-04

[答え]
  外側を 180° から戻せても、**1次では内側を開きながら交わらない向きは無い**（第11段と同じ）。
  胴と尾の折り角はどちらの検査でも自由な変数。**「実物では胴や尾も動く」は、この不成立の説明にならない**（動かせる前提で解いて、それでも向きが無い／ある）。説明の候補は別に要る：⑬の線 0 の固定・2次以上の動き・曲面（しなり）・層の上下の読み方。

ALL OK
