[式] 単独模型の閉路の閉じ：R(zA,a)·R(x,c⁺) = R(x,c⁻)·R(zB,b) を、四元数（正規化しない (1, tan(φ/2)·軸)）で確かめる
  中割りの枝：左右の差 = [0, 2*c*u - 2*v, 0, 0]（スカラー・x・y・z）→ 0 になる条件 v = [c*u]＝tan(c⁻/2)=cosθ·tan(z/2)；代入後 [0, 0, 0, 0]
  外へ折る枝（c⁻=c⁺=π・zA角=zB角）：左右の差 = [0, 0, 0, 0]
  段1（zA角=zB角=0・c⁻=c⁺）：両辺とも R(x,c)＝自明に閉じる
  ⚠ z=π は tan が発散するので、閉じは z∈[0,π) で恒等式・z=π は両辺の連続性から（端の値は数値でも確認）

脚のじゃばら（元の板の並び）：層-3 → 層-18 → 層-19 → 層-2 → 層-1 → 層3 → 層1 → 層0
目標（静的）で側が入れかわる角：層-3|-18 先同・元同／層-18|-19 先同・元同／層-19|-2 先同・元同／層-2|-1 先入・元同／層-1|3 先同・元同／層3|1 先同・元同／層1|0 先同・元同
  → 背の角＝層-2|層-1（中割りの枝）。ほかの6つは両方「同じ側」＝**外へ折る枝**（第18段 §73 と同じ理由）

[対応] 曲がり角ごとに単独模型を当てる（A＝背に近い側＝すでに置いた層）
  背の角（層-2|層-1）：板 元A↔元-2・先A↔先-2・元B↔元-1・先B↔先-1／折線 c⁻↔1本・c⁺↔1本・zA↔1本・zB↔1本／対応しない結び 0
    幾何（出発の姿の座標）：背の2本は同じ直線（ずれ 1.7e-16）・曲がり角 V=[-0.375, 0.375]（背の線分の端とのずれ 3.1e-16）
    θ＝⑬の線（A 側）と背の先の向きのなす角 75.9638°（先へ傾く）／B 側の⑬の線の向きは A と同じ直線か：ずれ 0.0e+00（畳まれた姿では1本の直線）
    板の位置（出発）：元A 元側○・f 側○・先A 先側○・f 側○・元B 元側○・f 側○・先B 先側○・f 側○（B は畳まれているので f 側で正しい）
    写像 Φ（単独模型の広げた紙 → 実際の広げた紙）：O→V・x→d・y→f、平面での向き det=+1
    出発の上下（engine stackAt）：元-1 は 元-2 の上／z の向き +1 なら 下・−1 なら 上 → z の向き [-1]
    確かめ：先-1 は 先-2 の上（stackAt）／この向きの写像で 上 → 一致
    ⇒ 単独模型の角 φ は、実際の軸（Φ で写した向き）のまわりで -1·φ 回る（Φ₃ R(a,φ) Φ₃⁻¹ = R(Φ₃a, det Φ₃·φ)）
  外形/中心線の角（層-19|層-2）・A=層-2：板 元A↔元-2・先A↔先-2・元B↔元-19・先B↔先-19／折線 c⁻↔1本・c⁺↔1本・zA↔1本・zB↔1本／対応しない結び 0
    幾何（出発の姿の座標）：背の2本は同じ直線（ずれ 6.7e-16）・曲がり角 V=[-0.523039, 0.286177]（背の線分の端とのずれ 2.2e-16）
    θ＝⑬の線（A 側）と背の先の向きのなす角 92.7862°（元へ傾く）／B 側の⑬の線の向きは A と同じ直線か：ずれ 2.5e-16（畳まれた姿では1本の直線）
    板の位置（出発）：元A 元側○・f 側○・先A 先側○・f 側○・元B 元側○・f 側○・先B 先側○・f 側○（B は畳まれているので f 側で正しい）
    写像 Φ（単独模型の広げた紙 → 実際の広げた紙）：O→V・x→d・y→f、平面での向き det=-1
    出発の上下（engine stackAt）：元-19 は 元-2 の下／z の向き +1 なら 下・−1 なら 上 → z の向き [1]
    確かめ：先-19 は 先-2 の下（stackAt）／この向きの写像で 下 → 一致
    ⇒ 単独模型の角 φ は、実際の軸（Φ で写した向き）のまわりで -1·φ 回る（Φ₃ R(a,φ) Φ₃⁻¹ = R(Φ₃a, det Φ₃·φ)）
  外形/中心線の角（層-18|層-19）・A=層-19：板 元A↔元-19・先A↔先-19・元B↔元-18・先B↔先-18／折線 c⁻↔1本・c⁺↔1本・zA↔1本・zB↔1本／対応しない結び 0
    幾何（出発の姿の座標）：背の2本は同じ直線（ずれ 1.1e-16）・曲がり角 V=[-0.375, 0.375]（背の線分の端とのずれ 0.0e+00）
    θ＝⑬の線（A 側）と背の先の向きのなす角 75.9638°（先へ傾く）／B 側の⑬の線の向きは A と同じ直線か：ずれ 0.0e+00（畳まれた姿では1本の直線）
    板の位置（出発）：元A 元側○・f 側○・先A 先側○・f 側○・元B 元側○・f 側○・先B 先側○・f 側○（B は畳まれているので f 側で正しい）
    写像 Φ（単独模型の広げた紙 → 実際の広げた紙）：O→V・x→d・y→f、平面での向き det=+1
    出発の上下（engine stackAt）：元-18 は 元-19 の上／z の向き +1 なら 下・−1 なら 上 → z の向き [-1]
    確かめ：先-18 は 先-19 の上（stackAt）／この向きの写像で 上 → 一致
    ⇒ 単独模型の角 φ は、実際の軸（Φ で写した向き）のまわりで -1·φ 回る（Φ₃ R(a,φ) Φ₃⁻¹ = R(Φ₃a, det Φ₃·φ)）
  外形/中心線の角（層-3|層-18）・A=層-18：板 元A↔元-18・先A↔先-18・元B↔元-3・先B↔先-3／折線 c⁻↔1本・c⁺↔1本・zA↔1本・zB↔1本／対応しない結び 0
    幾何（出発の姿の座標）：背の2本は同じ直線（ずれ 3.3e-16）・曲がり角 V=[-0.523039, 0.286177]（背の線分の端とのずれ 0.0e+00）
    θ＝⑬の線（A 側）と背の先の向きのなす角 92.7862°（元へ傾く）／B 側の⑬の線の向きは A と同じ直線か：ずれ 1.6e-16（畳まれた姿では1本の直線）
    板の位置（出発）：元A 元側○・f 側○・先A 先側○・f 側○・元B 元側○・f 側○・先B 先側○・f 側○（B は畳まれているので f 側で正しい）
    写像 Φ（単独模型の広げた紙 → 実際の広げた紙）：O→V・x→d・y→f、平面での向き det=-1
    出発の上下（engine stackAt）：元-3 は 元-18 の上／z の向き +1 なら 下・−1 なら 上 → z の向き [-1]
    確かめ：先-3 は 先-18 の上（stackAt）／この向きの写像で 上 → 一致
    ⇒ 単独模型の角 φ は、実際の軸（Φ で写した向き）のまわりで +1·φ 回る（Φ₃ R(a,φ) Φ₃⁻¹ = R(Φ₃a, det Φ₃·φ)）
  外形/中心線の角（層-1|層3）・A=層-1：板 元A↔元-1・先A↔先-1・元B↔元3・先B↔先3／折線 c⁻↔1本・c⁺↔1本・zA↔1本・zB↔1本／対応しない結び 0
    幾何（出発の姿の座標）：背の2本は同じ直線（ずれ 1.1e-16）・曲がり角 V=[-0.523039, 0.286177]（背の線分の端とのずれ 1.2e-16）
    θ＝⑬の線（A 側）と背の先の向きのなす角 92.7862°（元へ傾く）／B 側の⑬の線の向きは A と同じ直線か：ずれ 3.1e-16（畳まれた姿では1本の直線）
    板の位置（出発）：元A 元側○・f 側○・先A 先側○・f 側○・元B 元側○・f 側○・先B 先側○・f 側○（B は畳まれているので f 側で正しい）
    写像 Φ（単独模型の広げた紙 → 実際の広げた紙）：O→V・x→d・y→f、平面での向き det=-1
    出発の上下（engine stackAt）：元3 は 元-1 の上／z の向き +1 なら 下・−1 なら 上 → z の向き [-1]
    確かめ：先3 は 先-1 の上（stackAt）／この向きの写像で 上 → 一致
    ⇒ 単独模型の角 φ は、実際の軸（Φ で写した向き）のまわりで +1·φ 回る（Φ₃ R(a,φ) Φ₃⁻¹ = R(Φ₃a, det Φ₃·φ)）
  外形/中心線の角（層3|層1）・A=層3：板 元A↔元3・先A↔先3・元B↔元1・先B↔先1／折線 c⁻↔1本・c⁺↔1本・zA↔1本・zB↔1本／対応しない結び 0
    幾何（出発の姿の座標）：背の2本は同じ直線（ずれ 0.0e+00）・曲がり角 V=[-0.375, 0.375]（背の線分の端とのずれ 7.9e-17）
    θ＝⑬の線（A 側）と背の先の向きのなす角 75.9638°（先へ傾く）／B 側の⑬の線の向きは A と同じ直線か：ずれ 0.0e+00（畳まれた姿では1本の直線）
    板の位置（出発）：元A 元側○・f 側○・先A 先側○・f 側○・元B 元側○・f 側○・先B 先側○・f 側○（B は畳まれているので f 側で正しい）
    写像 Φ（単独模型の広げた紙 → 実際の広げた紙）：O→V・x→d・y→f、平面での向き det=+1
    出発の上下（engine stackAt）：元1 は 元3 の下／z の向き +1 なら 下・−1 なら 上 → z の向き [1]
    確かめ：先1 は 先3 の下（stackAt）／この向きの写像で 下 → 一致
    ⇒ 単独模型の角 φ は、実際の軸（Φ で写した向き）のまわりで +1·φ 回る（Φ₃ R(a,φ) Φ₃⁻¹ = R(Φ₃a, det Φ₃·φ)）
  外形/中心線の角（層1|層0）・A=層1：板 元A↔元1・先A↔先1・元B↔元0・先B↔先0／折線 c⁻↔1本・c⁺↔1本・zA↔1本・zB↔1本／対応しない結び 0
    幾何（出発の姿の座標）：背の2本は同じ直線（ずれ 5.6e-17）・曲がり角 V=[-0.523039, 0.286177]（背の線分の端とのずれ 1.2e-16）
    θ＝⑬の線（A 側）と背の先の向きのなす角 92.7862°（元へ傾く）／B 側の⑬の線の向きは A と同じ直線か：ずれ 0.0e+00（畳まれた姿では1本の直線）
    板の位置（出発）：元A 元側○・f 側○・先A 先側○・f 側○・元B 元側○・f 側○・先B 先側○・f 側○（B は畳まれているので f 側で正しい）
    写像 Φ（単独模型の広げた紙 → 実際の広げた紙）：O→V・x→d・y→f、平面での向き det=-1
    出発の上下（engine stackAt）：元0 は 元1 の下／z の向き +1 なら 下・−1 なら 上 → z の向き [1]
    確かめ：先0 は 先1 の下（stackAt）／この向きの写像で 下 → 一致
    ⇒ 単独模型の角 φ は、実際の軸（Φ で写した向き）のまわりで -1·φ 回る（Φ₃ R(a,φ) Φ₃⁻¹ = R(Φ₃a, det Φ₃·φ)）
  板 16 枚（脚の16枚：すべて）

  [SL8（脚8層・16枚）] 経路の数値の確認：結び 22 本
    全区間：全結びのずれ（最大）1.7e-15／1刻みの置かれ方の変化（最大）1.14e-02／すり抜け なし
    共有する板の置かれ方：背の角の式と各角の式の差（全区間の最大）1.5e-15
    刻み：段1 801点・段2・3 1607点（既定。--fine で 4000/8000 点）
    分岐点（背だけ平ら・ほかの角は畳んだまま）：同じ平面の重なり なし

[照合] 目標との照合（厚み 0（既定））
  位置：目標とのずれ（最大）9.3e-16／表裏：16/16 一致
  上下：重なる組 120 のうち一致 120・反する 0
  **高さが同じ＝厚みの扱いで決まる組（印）**：24／120
  読む位置（終端の手前 δ＝1e-3・1e-4・1e-5）で上下の符号が変わる組：0（0 なら δ の取り方に依らない）
    印：元-18|元-3（dz=0（同じ置かれ方）→ 出発の上下を持ち越す（厚み0））
    印：元-18|元-19（dz=0（同じ置かれ方）→ 出発の上下を持ち越す（厚み0））
    印：元-18|元-2（dz=0（同じ置かれ方）→ 出発の上下を持ち越す（厚み0））
    印：先-18|先-3（dz=0（同じ置かれ方）→ 出発の上下を持ち越す（厚み0））
    印：先-18|先-19（dz=0（同じ置かれ方）→ 出発の上下を持ち越す（厚み0））
    印：先-18|先-2（dz=0（同じ置かれ方）→ 出発の上下を持ち越す（厚み0））
    印：元-3|元-19（dz=0（同じ置かれ方）→ 出発の上下を持ち越す（厚み0））
    印：元-3|元-2（dz=0（同じ置かれ方）→ 出発の上下を持ち越す（厚み0））
    印：先-3|先-19（dz=0（同じ置かれ方）→ 出発の上下を持ち越す（厚み0））
    印：先-3|先-2（dz=0（同じ置かれ方）→ 出発の上下を持ち越す（厚み0））
    印：元-19|元-2（dz=0（同じ置かれ方）→ 出発の上下を持ち越す（厚み0））
    印：先-19|先-2（dz=0（同じ置かれ方）→ 出発の上下を持ち越す（厚み0））
    印：元1|元0（dz=0（同じ置かれ方）→ 出発の上下を持ち越す（厚み0））
    印：元1|元3（dz=0（同じ置かれ方）→ 出発の上下を持ち越す（厚み0））
    印：元1|元-1（dz=0（同じ置かれ方）→ 出発の上下を持ち越す（厚み0））
    印：先1|先0（dz=0（同じ置かれ方）→ 出発の上下を持ち越す（厚み0））
    印：先1|先3（dz=0（同じ置かれ方）→ 出発の上下を持ち越す（厚み0））
    印：先1|先-1（dz=0（同じ置かれ方）→ 出発の上下を持ち越す（厚み0））
    印：元0|元3（dz=0（同じ置かれ方）→ 出発の上下を持ち越す（厚み0））
    印：元0|元-1（dz=0（同じ置かれ方）→ 出発の上下を持ち越す（厚み0））
    印：先0|先3（dz=0（同じ置かれ方）→ 出発の上下を持ち越す（厚み0））
    印：先0|先-1（dz=0（同じ置かれ方）→ 出発の上下を持ち越す（厚み0））
    印：元3|元-1（dz=0（同じ置かれ方）→ 出発の上下を持ち越す（厚み0））
    印：先3|先-1（dz=0（同じ置かれ方）→ 出発の上下を持ち越す（厚み0））
  厚みで変わった組（zero と thick の食い違い）：0

[基準面] 分岐点の平らな姿を「胴との結びの共通基準面」として定義・保存
  決め方：原点＝背の角 V=[-0.375, 0.375]／基準線＝背の直線（向き d=[-0.707107, 0.707107]・先の向き）／⑬の線＝[[-0.375, 0.375], [-0.523039, 0.286177]]／法線＝出発の紙の +z（動かない板 元-2 を固定）
  分岐点で16枚とも同じ平面か：|z| の最大 7.3e-17（背で開いた上4層も同じ平面に戻る）
  脚から胴へ出ていく結び 8 本（種類：crease）
    元-1–胴-3a（crease）：分岐点で脚側は背のまわりに +180.0° 回る
    元-18–胴-14（crease）：分岐点で脚側は動かない
    元-19–胴-17（crease）：分岐点で脚側は動かない
    元-2–胴-4a（crease）：分岐点で脚側は動かない
    元-3–胴-7a（crease）：分岐点で脚側は動かない
    元0–胴0a（crease）：分岐点で脚側は背のまわりに +180.0° 回る
    元1–胴2（crease）：分岐点で脚側は背のまわりに +180.0° 回る
    元3–胴6（crease）：分岐点で脚側は背のまわりに +180.0° 回る
  分岐点で重なっている組 24（うち同じ置かれ方のまま 24＝厚み0では高さで読めない）
  → crane13_branchpoint_frame.json ／ crane13_stack_flags.json に保存
  要約 JSON：leg_frame_zero_summary.json

[累積回転（経路の結果・条件にはしていない）]
    先-1|元-1：分岐点 +0.0° → 終端 -180.0°
    先3|元3：分岐点 +0.0° → 終端 -180.0°
    先0|元0：分岐点 -0.0° → 終端 -180.0°
    先1|元1：分岐点 +0.0° → 終端 -180.0°
    先-2|元-2：分岐点 +0.0° → 終端 +180.0°
    先-19|元-19：分岐点 -0.0° → 終端 +180.0°
    先-3|元-3：分岐点 +0.0° → 終端 +180.0°
    先-18|元-18：分岐点 -0.0° → 終端 +180.0°
    先-2|先-1：分岐点 -180.0° → 終端 -360.0°
    元-2|元-1：分岐点 -180.0° → 終端 -0.0°
    元3|元1：分岐点 -0.0° → 終端 -0.0°
    先3|先1：分岐点 -0.0° → 終端 +0.0°
    元-19|元-18：分岐点 +0.0° → 終端 +0.0°
    先-19|先-18：分岐点 +0.0° → 終端 -0.0°
    先-2|先-19：分岐点 -0.0° → 終端 -0.0°
    元-2|元-19：分岐点 -0.0° → 終端 -0.0°
    元-3|元-18：分岐点 +0.0° → 終端 +0.0°
    先-3|先-18：分岐点 +0.0° → 終端 +0.0°
    元-1|元3：分岐点 -0.0° → 終端 -0.0°
    先-1|先3：分岐点 -0.0° → 終端 -0.0°
    元0|元1：分岐点 -0.0° → 終端 -0.0°
    先0|先1：分岐点 -0.0° → 終端 -0.0°

ALL OK
