紙：56枚・結び 98（木 55・木の外 43）／中割り線の角 8本（段1 は 0 に固定）
中割り線：ORIPA の元の端点（oripa_sample/crane_final_mitani.opx sha1 63f58fd8…）／中心線との交わりは先端から 0.883883・なす角 75.9638° は報告用
🚨 鶴全体の検査。単独模型の成功とは別。
段1 の目標：脚の中の層の折り 14本（先の半分・元の半分）を平らに開く（種類 ['hinge']・開く向き ＋4／−10）
木の変数 55（脚1の中 15・⑬ 8・ほか 40）
出発：目標とのずれ（最大）3.142 rad／閉じの残り 0.0e+00

[段1] 出発 → 脚の7つの曲がり角が平らに開いた姿
        14本の開き（度）： 10.0  10.0   0.0   0.0  -0.0  -0.0  10.0  10.0  10.0  10.0  10.0  10.0  10.0  10.0
    10歩：ずれ 3.142e+00／層の折りの開き    0.0〜  10.0°／①全結び 1.9e-14／②交わり 0.0e+00／1歩の角の変化 1.00°（18秒）
        14本の開き（度）： 20.0  20.0  -0.0  -0.0   0.0   0.0  20.0  20.0  20.0  20.0  20.0  20.0  20.0  20.0
    20歩：ずれ 3.142e+00／層の折りの開き    0.0〜  20.0°／①全結び 2.6e-13／②交わり 0.0e+00／1歩の角の変化 1.00°（29秒）
        14本の開き（度）： 30.0  30.0  -0.0  -0.0   0.0   0.0  30.0  30.0  30.0  30.0  30.0  30.0  30.0  30.0
    30歩：ずれ 3.142e+00／層の折りの開き    0.0〜  30.0°／①全結び 1.8e-13／②交わり 0.0e+00／1歩の角の変化 1.00°（39秒）
        14本の開き（度）： 40.0  40.0  -0.0  -0.0   0.0   0.0  39.8  39.8  39.8  39.8  40.0  40.0  40.0  40.0
    40歩：ずれ 3.142e+00／層の折りの開き    0.0〜  40.0°／①全結び 1.5e-13／②交わり 0.0e+00／1歩の角の変化 1.00°（237秒）
        14本の開き（度）： 50.0  50.0  -0.0  -0.0   0.0   0.0  49.6  49.6  49.6  49.6  50.0  50.0  50.0  50.0
    50歩：ずれ 3.142e+00／層の折りの開き    0.0〜  50.0°／①全結び 1.3e-13／②交わり 0.0e+00／1歩の角の変化 1.00°（625秒）
        14本の開き（度）： 60.0  60.0  -0.0  -0.0   0.0   0.0  59.4  59.4  59.4  59.4  60.0  60.0  60.0  60.0
    60歩：ずれ 3.142e+00／層の折りの開き    0.0〜  60.0°／①全結び 1.2e-13／②交わり 0.0e+00／1歩の角の変化 1.00°（1012秒）
        14本の開き（度）： 70.0  70.0  -0.0  -0.0   0.0   0.0  69.2  69.2  69.2  69.2  69.6  69.6  69.6  69.6
    70歩：ずれ 3.142e+00／層の折りの開き    0.0〜  70.0°／①全結び 1.2e-13／②交わり 0.0e+00／1歩の角の変化 1.00°（1398秒）
        14本の開き（度）： 80.0  80.0   0.0   0.0   0.0   0.0  78.9  78.9  78.9  78.9  79.1  79.1  79.1  79.1
    80歩：ずれ 3.142e+00／層の折りの開き    0.0〜  80.0°／①全結び 1.2e-13／②交わり 0.0e+00／1歩の角の変化 1.00°（1784秒）
        14本の開き（度）： 90.0  90.0   0.0   0.0   0.0   0.0  88.7  88.7  88.7  88.7  88.9  88.9  88.9  88.9
    90歩：ずれ 3.142e+00／層の折りの開き    0.0〜  90.0°／①全結び 1.1e-13／②交わり 0.0e+00／1歩の角の変化 1.00°（2169秒）
        14本の開き（度）：100.0 100.0   0.0   0.0   0.0   0.0  98.7  98.7  98.7  98.7  98.7  98.7  98.7  98.7
   100歩：ずれ 3.142e+00／層の折りの開き    0.0〜 100.0°／①全結び 1.1e-13／②交わり 0.0e+00／1歩の角の変化 1.00°（2555秒）
        14本の開き（度）：110.0 110.0   0.0   0.0  -0.0  -0.0 108.8 108.8 108.8 108.8 108.8 108.8 108.8 108.8
   110歩：ずれ 3.142e+00／層の折りの開き    0.0〜 110.0°／①全結び 1.2e-13／②交わり 0.0e+00／1歩の角の変化 1.04°（2941秒）
        14本の開き（度）：120.0 120.0   0.0   0.0  -0.0  -0.0 118.9 118.9 118.9 118.9 119.3 119.3 119.3 119.3
   120歩：ずれ 3.142e+00／層の折りの開き    0.0〜 120.0°／①全結び 1.5e-13／②交わり 0.0e+00／1歩の角の変化 1.05°（3326秒）
        14本の開き（度）：130.0 130.0   0.0   0.0  -0.0  -0.0 129.0 129.0 129.0 129.0 129.9 129.9 129.9 129.9
   130歩：ずれ 3.142e+00／層の折りの開き    0.0〜 130.0°／①全結び 2.2e-13／②交わり 0.0e+00／1歩の角の変化 1.05°（3712秒）
        14本の開き（度）：140.0 140.0   0.0   0.0  -0.0  -0.0 139.1 139.1 139.1 139.1 140.0 140.0 140.0 140.0
   140歩：ずれ 3.142e+00／層の折りの開き    0.0〜 140.0°／①全結び 4.0e-13／②交わり 0.0e+00／1歩の角の変化 1.01°（4097秒）
        14本の開き（度）：150.0 150.0   0.0   0.0   0.0   0.0 149.5 149.5 149.5 149.5 150.0 150.0 150.0 150.0
   150歩：ずれ 3.142e+00／層の折りの開き    0.0〜 150.0°／①全結び 2.8e-15／②交わり 0.0e+00／1歩の角の変化 1.00°（4446秒）
        14本の開き（度）：160.0 160.0   0.0   0.0   0.0   0.0 160.0 160.0 160.0 160.0 160.0 160.0 160.0 160.0
   160歩：ずれ 3.142e+00／層の折りの開き    0.0〜 160.0°／①全結び 1.2e-13／②交わり 0.0e+00／1歩の角の変化 1.01°（4607秒）
        14本の開き（度）：170.0 170.0   0.0   0.0   0.0   0.0 170.0 170.0 170.0 170.0 170.0 170.0 170.0 170.0
   170歩：ずれ 3.142e+00／層の折りの開き    0.0〜 170.0°／①全結び 5.1e-13／②交わり 0.0e+00／1歩の角の変化 1.00°（4664秒）
  178歩目：閉じを直せない（1.7e-08）＝ここで止まる

  段1 の結果：**到達しなかった**（178歩）
  ①全結びの一致（全時点の最大）1.4e-12／1歩の角の変化の最大 133.11°（連続性の目安）
  ②すり抜け：隣り合わない紙の交わり（最大）2.2e-01　最初の最大の時点 177歩：s23.keep(層0) × s20.keep(層-6)（交わる）／背が閉じる向きへ越えた：91歩 b2@0 -0.00°
  🚨 追跡が目標に届かなかった＝**この追い方の1例で届かない**だけ。剛体で不可能とは言わない。

ALL OK
