紙：56枚・結び 98（木 55・木の外 43）／中割り線の角 8本（段1 は 0 に固定）
中割り線：ORIPA の元の端点（oripa_sample/crane_final_mitani.opx sha1 63f58fd8…）／中心線との交わりは先端から 0.883883・なす角 75.9638° は報告用
🚨 鶴全体の検査。単独模型の成功とは別。
段1 の目標：脚の中の層の折り 14本（先の半分・元の半分）を平らに開く（種類 ['hinge']・開く向き ＋4／−10）
  内側の曲がり角の折り 4本：b8@0(層3|1)・b8@1(層3|1)・b23@0(層-19|-18)・b23@1(層-19|-18)／外側 10本（脚の半分をつなぐ背 b3 を含む）
  順番：**外側を先に**（1〜180歩：外側 0→180°・内側 0° に保つ／181〜360歩：内側 0→180°・外側 180° に保つ）
木の変数 55（脚1の中 15・⑬ 8・ほか 40）
出発：目標とのずれ（最大）3.142 rad／閉じの残り 0.0e+00

[段1] 出発 → 脚の7つの曲がり角が平らに開いた姿
        14本の開き（度）： 10.0  10.0  -0.0  -0.0   0.0   0.0  10.0  10.0  10.0  10.0  10.0  10.0  10.0  10.0
    10歩：ずれ 3.142e+00／層の折りの開き    0.0〜  10.0°／①全結び 8.7e-16／②交わり 0.0e+00／1歩の角の変化 1.00°（17秒）
        14本の開き（度）： 20.0  20.0  -0.0  -0.0   0.0   0.0  20.0  20.0  20.0  20.0  20.0  20.0  20.0  20.0
    20歩：ずれ 3.142e+00／層の折りの開き    0.0〜  20.0°／①全結び 3.6e-16／②交わり 0.0e+00／1歩の角の変化 1.00°（111秒）
        14本の開き（度）： 29.9  29.9  -0.0  -0.0   0.0   0.0  29.9  29.9  29.9  29.9  29.8  29.8  29.8  29.8
    30歩：ずれ 3.142e+00／層の折りの開き    0.0〜  29.9°／①全結び 8.9e-16／②交わり 0.0e+00／1歩の角の変化 0.91°（310秒）
        14本の開き（度）： 39.9  39.9  -0.0  -0.0   0.0   0.0  40.0  40.0  40.0  40.0  39.7  39.7  39.7  39.7
    40歩：ずれ 3.142e+00／層の折りの開き    0.0〜  40.0°／①全結び 6.2e-16／②交わり 0.0e+00／1歩の角の変化 0.99°（479秒）
        14本の開き（度）： 50.0  50.0  -0.0  -0.0   0.0   0.0  49.0  49.0  49.0  49.0  50.0  50.0  50.0  50.0
    50歩：ずれ 3.142e+00／層の折りの開き    0.0〜  50.0°／①全結び 3.9e-15／②交わり 0.0e+00／1歩の角の変化 1.00°（828秒）
        14本の開き（度）： 60.0  60.0   0.0   0.0   0.0   0.0  59.0  59.0  59.0  59.0  60.0  60.0  60.0  60.0
    60歩：ずれ 3.142e+00／層の折りの開き    0.0〜  60.0°／①全結び 3.6e-15／②交わり 0.0e+00／1歩の角の変化 1.00°（1211秒）
        14本の開き（度）： 69.8  69.8   0.0   0.0   0.0   0.0  68.8  68.8  68.8  68.8  70.0  70.0  70.0  70.0
    70歩：ずれ 3.142e+00／層の折りの開き    0.0〜  70.0°／①全結び 3.8e-15／②交わり 0.0e+00／1歩の角の変化 1.85°（1594秒）
        14本の開き（度）： 79.6  79.6  -0.0  -0.0   0.0   0.0  78.6  78.6  78.6  78.6  78.7  78.7  78.7  78.7
    80歩：ずれ 3.142e+00／層の折りの開き    0.0〜  79.6°／①全結び 3.4e-15／②交わり 0.0e+00／1歩の角の変化 1.06°（1976秒）
        14本の開き（度）： 88.3  88.3  -0.0  -0.0   0.0   0.0  87.4  87.4  87.4  87.4  87.3  87.3  87.3  87.3
    89歩：ずれ 3.142e+00／層の折りの開き    0.0〜  88.3°／①全結び 3.9e-15／②交わり 1.1e-01／1歩の角の変化 1.04°（2320秒）
  89歩目：すり抜けが出た（s23.cut(層7) × s19.cut(層-12)・同じ平面で重なる・1.1e-01）＝ここで止まる

  段1 の結果：**到達しなかった**（89歩）
  ①全結びの一致（全時点の最大）1.2e-14／1歩の角の変化の最大 2.13°（連続性の目安）
  ②すり抜け：隣り合わない紙の交わり（最大）1.1e-01　最初の最大の時点 89歩：s23.cut(層7) × s19.cut(層-12)（同じ平面で重なる）／背が閉じる向きへ越えた：なし
  🚨 追跡が目標に届かなかった＝**この追い方の1例で届かない**だけ。剛体で不可能とは言わない。

ALL OK
