紙：56枚・結び 98（木 55・木の外 43）／中割り線の角 8本（段1 は 0 に固定）
中割り線：ORIPA の元の端点（oripa_sample/crane_final_mitani.opx sha1 63f58fd8…）／中心線との交わりは先端から 0.883883・なす角 75.9638° は報告用
🚨 鶴全体の検査。単独模型の成功とは別。
段1 の目標：脚の中の層の折り 14本（先の半分・元の半分）を平らに開く（種類 ['hinge']・開く向き ＋4／−10）
  内側の曲がり角の折り 4本：b8@0(層3|1)・b8@1(層3|1)・b23@0(層-19|-18)・b23@1(層-19|-18)／外側 10本（脚の半分をつなぐ背 b3 を含む）
  順番：**外側を先に**（1〜180歩：外側 0→180°・内側 0° に保つ／181〜360歩：内側 0→180°・外側 180° に保つ）
木の変数 55（脚1の中 15・⑬ 8・ほか 40）
⚠ 途中の姿 crane13_open_path_outer-first_step89.npy の 89歩目から続ける（閉じの残り 8.1e-15）
出発：目標とのずれ（最大）3.142 rad／閉じの残り 8.1e-15

[段1] 出発 → 脚の7つの曲がり角が平らに開いた姿
        14本の開き（度）： 89.3  89.3  -0.0  -0.0   0.0   0.0  88.3  88.3  88.3  88.3  88.2  88.2  88.2  88.2
    90歩：ずれ 3.142e+00／層の折りの開き    0.0〜  89.3°／①全結び 5.2e-15／②交わり 0.0e+00／1歩の角の変化 0.96°（38秒）
        14本の開き（度）： 99.0  99.0  -0.0  -0.0   0.0   0.0  98.2  98.2  98.2  98.2  98.2  98.2  98.2  98.2
   100歩：ずれ 3.142e+00／層の折りの開き    0.0〜  99.0°／①全結び 4.9e-15／②交わり 0.0e+00／1歩の角の変化 0.96°（421秒）
        14本の開き（度）：108.9 108.9  -0.0  -0.0   0.0   0.0 108.0 108.0 108.0 108.0 108.8 108.8 108.8 108.8
   110歩：ずれ 3.142e+00／層の折りの開き    0.0〜 108.9°／①全結び 4.2e-15／②交わり 0.0e+00／1歩の角の変化 1.57°（801秒）
        14本の開き（度）：118.7 118.7   0.0   0.0   0.0   0.0 117.9 117.9 117.9 117.9 118.6 118.6 118.6 118.6
   120歩：ずれ 3.142e+00／層の折りの開き    0.0〜 118.7°／①全結び 5.1e-15／②交わり 0.0e+00／1歩の角の変化 1.99°（1182秒）
        14本の開き（度）：127.7 127.7   0.0   0.0   0.0   0.0 129.0 129.0 129.0 129.0 127.5 127.5 127.5 127.5
   130歩：ずれ 3.142e+00／層の折りの開き    0.0〜 129.0°／①全結び 9.5e-15／②交わり 0.0e+00／1歩の角の変化 2.26°（1564秒）
        14本の開き（度）：137.6 137.6   0.0   0.0   0.0   0.0 138.5 138.5 138.5 138.5 137.8 137.8 137.8 137.8
   140歩：ずれ 3.142e+00／層の折りの開き    0.0〜 138.5°／①全結び 1.3e-14／②交わり 0.0e+00／1歩の角の変化 0.50°（1945秒）
        14本の開き（度）：147.7 147.7   0.0   0.0   0.0   0.0 148.7 148.7 148.7 148.7 148.1 148.1 148.1 148.1
   150歩：ずれ 3.142e+00／層の折りの開き    0.0〜 148.7°／①全結び 6.2e-15／②交わり 0.0e+00／1歩の角の変化 0.42°（2326秒）
        14本の開き（度）：159.8 159.8  -0.0  -0.0  -0.0  -0.0 160.0 160.0 160.0 160.0 159.9 159.9 159.9 159.9
   160歩：ずれ 3.142e+00／層の折りの開き    0.0〜 160.0°／①全結び 2.2e-15／②交わり 0.0e+00／1歩の角の変化 0.96°（2675秒）
        14本の開き（度）：170.0 170.0   0.0   0.0   0.0   0.0 170.0 170.0 170.0 170.0 170.0 170.0 170.0 170.0
   170歩：ずれ 3.142e+00／層の折りの開き    0.0〜 170.0°／①全結び 1.3e-15／②交わり 0.0e+00／1歩の角の変化 1.08°（2916秒）
        14本の開き（度）：180.0 180.0   0.0   0.0  -0.0  -0.0 180.0 180.0 180.0 180.0 180.0 180.0 180.0 180.0
   180歩：ずれ 3.142e+00／層の折りの開き    0.0〜 180.0°／①全結び 3.9e-15／②交わり 0.0e+00／1歩の角の変化 1.00°（3077秒）
        14本の開き（度）：180.0 180.0   1.0   1.0   1.0   1.0 180.0 180.0 180.0 180.0 180.0 180.0 180.0 180.0
   181歩：ずれ 3.124e+00／層の折りの開き    1.0〜 180.0°／①全結び 1.6e-13／②交わり 7.8e-01／1歩の角の変化 0.99°（3083秒）
  181歩目：すり抜けが出た（s19.keep(層-7) × s20.keep(層-7)・交わる・7.8e-01）＝ここで止まる

  段1 の結果：**到達しなかった**（181歩）
  ①全結びの一致（全時点の最大）1.6e-13／1歩の角の変化の最大 2.93°（連続性の目安）
  ②すり抜け：隣り合わない紙の交わり（最大）7.8e-01　最初の最大の時点 181歩：s19.keep(層-7) × s20.keep(層-7)（交わる）／背が閉じる向きへ越えた：なし
  🚨 追跡が目標に届かなかった＝**この追い方の1例で届かない**だけ。剛体で不可能とは言わない。

ALL OK
