S1 の6面：元-18／先-18／元-19／先-19／元-2／先-2（層番号は出発の engine の層）

[A] 目標終端の置かれ方と表裏（運動を使わない）
   元-18：動かない・表裏 出発 裏上 → 終端 裏上
   先-18：⑬の線で鏡・表裏 出発 裏上 → 終端 表上
   元-19：動かない・表裏 出発 表上 → 終端 表上
   先-19：⑬の線で鏡・表裏 出発 表上 → 終端 裏上
    元-2：動かない・表裏 出発 裏上 → 終端 裏上
    先-2：⑬の線で鏡・表裏 出発 裏上 → 終端 表上

[B] 目標の上下：脚1の16枚の柱の数え上げ（第7段 §29 と同じ関数 stack_feasibility）
  柱 16枚（脚1だけ・§10/§29 と同じ柱）
    柱に入る紙：折り返した先 8枚＋脚の付け根側 8枚／着地の所に重なるほかの紙 16枚 ['paper/s1.cut/s2.keep/s5.cut/s6.keep/s8.cut/s22.keep', 'paper/s1.cut/s2.keep/s5.cut/s6.keep/s8.cut/s22.cut', 'paper/
    ①〜③を満たす並べ方 33通り（調べた枝 54134）
    うち **先が付け根の層のあいだに入る（＝中割り）1通り** ／ 先がぜんぶ外側（＝ふつうの外へ折る）2通り ／ どちらでもない 30通り
    ⚠ ここは**終端の静止した姿**の話。途中の非貫通は別（次の段）。また、重なりの無い紙どうしにも上下を付けて数えているので、通り数は下限側の見積り。
  柱 32枚（着地の所に重なる胴の16枚も、動かない紙として柱に入れる）
    柱に入る紙：折り返した先 8枚＋脚の付け根側 24枚／着地の所に重なるほかの紙 0枚 （無し＝この16枚だけで決まる）
    ①〜③を満たす並べ方 0通り（調べた枝 40735）
  → 目標に使う柱：16枚
  ⚠ §29 の記録「90通り・中割り27」は、いま（PYTHONHASHSEED=0・脚1/脚2 の並びを固定したあと）の16枚の柱では再現しない（上の値）。原因は未確認。
  S1 の6面で終端に重なる組 15（15組のうち）
   元-18 と  先-18：中割り1通りで 上（先-18 が 元-18 の）　★一つに決まる　／参考 ①〜③全体 33通り 下／上
   元-18 と  元-19：中割り1通りで 下（元-19 が 元-18 の）　★一つに決まる　／参考 ①〜③全体 33通り 下
   元-18 と  先-19：中割り1通りで 上（先-19 が 元-18 の）　★一つに決まる　／参考 ①〜③全体 33通り 下／上
   元-18 と   元-2：中割り1通りで 上（元-2 が 元-18 の）　★一つに決まる　／参考 ①〜③全体 33通り 上
   元-18 と   先-2：中割り1通りで 上（先-2 が 元-18 の）　★一つに決まる　／参考 ①〜③全体 33通り 下／上
   先-18 と  元-19：中割り1通りで 下（元-19 が 先-18 の）　★一つに決まる　／参考 ①〜③全体 33通り 下／上
   先-18 と  先-19：中割り1通りで 上（先-19 が 先-18 の）　★一つに決まる　／参考 ①〜③全体 33通り 上
   先-18 と   元-2：中割り1通りで 下（元-2 が 先-18 の）　★一つに決まる　／参考 ①〜③全体 33通り 下／上
   先-18 と   先-2：中割り1通りで 下（先-2 が 先-18 の）　★一つに決まる　／参考 ①〜③全体 33通り 下／上
   元-19 と  先-19：中割り1通りで 上（先-19 が 元-19 の）　★一つに決まる　／参考 ①〜③全体 33通り 下／上
   元-19 と   元-2：中割り1通りで 上（元-2 が 元-19 の）　★一つに決まる　／参考 ①〜③全体 33通り 上
   元-19 と   先-2：中割り1通りで 上（先-2 が 元-19 の）　★一つに決まる　／参考 ①〜③全体 33通り 下／上
   先-19 と   元-2：中割り1通りで 下（元-2 が 先-19 の）　★一つに決まる　／参考 ①〜③全体 33通り 下／上
   先-19 と   先-2：中割り1通りで 下（先-2 が 先-19 の）　★一つに決まる　／参考 ①〜③全体 33通り 下／上
    元-2 と   先-2：中割り1通りで 上（先-2 が 元-2 の）　★一つに決まる　／参考 ①〜③全体 33通り 下／上
  ⚠ 16枚の柱は重なりの無い組にも上下を付けて数えている（§10 の注意）。ここで使うのは S1 で実際に重なる組だけ。

[C] 目標の上下から、S1 の結び 7 本の終端の相対角（巻き）を決める（運動を使わない）
    先-2–元-2  （⑬の線）：目標で 元-2 は 先-2 の枠で上 → 終端の相対角 +180°
   先-19–元-19 （⑬の線）：目標で 元-19 は 先-19 の枠で上 → 終端の相対角 +180°
   先-18–元-18 （⑬の線）：目標で 元-18 は 先-18 の枠で上 → 終端の相対角 +180°
   元-19–元-18 （層の折り）：目標で 元-18 は 元-19 の枠で上（出発 上） → 終端の相対角 +0°
   先-19–先-18 （層の折り）：目標で 先-18 は 先-19 の枠で上（出発 上） → 終端の相対角 +0°
    先-2–先-19 （層の折り）：目標で 先-19 は 先-2 の枠で下（出発 下） → 終端の相対角 +0°
    元-2–元-19 （層の折り）：目標で 元-19 は 元-2 の枠で下（出発 下） → 終端の相対角 +0°

[D] 既に通った交互の組（第15段と同じ駆動）の着き先を、面の組ごとに目標と比べる
  （再実行）閉じる組 2／4：[(1, -1), (-1, 1)]
  （再実行）組 (1, -1)：z=180° まで（①全結び 1.5e-15・②閉じの残り 1.5e-12・③すり抜けなし・④終端とのずれ 7.3e-08）／⑤ **どちらでもない（一部だけ中に入る）**：先(層-2) ／ 元(層-2) ／ 元(層-19) ／ 先(層-19) ／ 先(層-18) ／ 元(層-18)
  （再実行）組 (-1, 1)：z=180° まで（①全結び 1.5e-15・②閉じの残り 1.5e-12・③すり抜けなし・④終端とのずれ 9.5e-08）／⑤ **どちらでもない（一部だけ中に入る）**：元(層-18) ／ 先(層-18) ／ 先(層-19) ／ 元(層-19) ／ 元(層-2) ／ 先(層-2)
  組 (1, -1)（元が戻る@中心線／先が戻る@外形の側）
     元-18 と  先-18：着いた 先-18 は下／目標 上　**反する**（高さの差 8.2e-04）
     元-18 と  元-19：着いた 元-19 は下／目標 下　一致（高さの差 3.1e-03）
     元-18 と  先-19：着いた 先-19 は下／目標 上　**反する**（高さの差 3.6e-03）
     元-18 と   元-2：着いた 元-2 は下／目標 上　**反する**（高さの差 1.3e-02）
     元-18 と   先-2：着いた 先-2 は下／目標 上　**反する**（高さの差 1.7e-02）
     先-18 と  元-19：着いた 元-19 は下／目標 下　一致（高さの差 3.6e-03）
     先-18 と  先-19：着いた 先-19 は下／目標 上　**反する**（高さの差 1.8e-03）
     先-18 と   元-2：着いた 元-2 は下／目標 下　一致（高さの差 1.6e-02）
     先-18 と   先-2：着いた 先-2 は下／目標 下　一致（高さの差 4.8e-03）
     元-19 と  先-19：着いた 先-19 は上／目標 上　一致（高さの差 8.2e-04）
     元-19 と   元-2：着いた 元-2 は下／目標 上　**反する**（高さの差 8.3e-03）
     元-19 と   先-2：着いた 先-2 は下／目標 上　**反する**（高さの差 1.3e-02）
     先-19 と   元-2：着いた 元-2 は下／目標 下　一致（高さの差 1.3e-02）
     先-19 と   先-2：着いた 先-2 は下／目標 下　一致（高さの差 6.9e-03）
      元-2 と   先-2：着いた 先-2 は下／目標 上　**反する**（高さの差 5.7e-04）
    結び 先-2–元-2（⑬）：着いた -180.0°／目標 +180°　**反する**
    結び 先-19–元-19（⑬）：着いた +180.0°／目標 +180°　一致
    結び 先-18–元-18（⑬）：着いた -180.0°／目標 +180°　**反する**
    結び 元-19–元-18：着いた -0.0°／目標 +0°　一致
    結び 先-19–先-18：着いた +360.0°／目標 +0°　**反する**
    結び 先-2–先-19：着いた -0.0°／目標 +0°　一致
    結び 元-2–元-19：着いた -360.0°／目標 +0°　**反する**
    置かれ方の目標とのずれ 7.3e-08（表裏も目標どおり）／面の組で反する 8／結びで反する 4
  組 (-1, 1)（先が戻る@中心線／元が戻る@外形の側）
     元-18 と  先-18：着いた 先-18 は上／目標 上　一致（高さの差 8.2e-04）
     元-18 と  元-19：着いた 元-19 は上／目標 下　**反する**（高さの差 3.1e-03）
     元-18 と  先-19：着いた 先-19 は上／目標 上　一致（高さの差 3.6e-03）
     元-18 と   元-2：着いた 元-2 は上／目標 上　一致（高さの差 1.3e-02）
     元-18 と   先-2：着いた 先-2 は上／目標 上　一致（高さの差 1.7e-02）
     先-18 と  元-19：着いた 元-19 は上／目標 下　**反する**（高さの差 3.6e-03）
     先-18 と  先-19：着いた 先-19 は上／目標 上　一致（高さの差 1.8e-03）
     先-18 と   元-2：着いた 元-2 は上／目標 下　**反する**（高さの差 1.6e-02）
     先-18 と   先-2：着いた 先-2 は上／目標 下　**反する**（高さの差 4.8e-03）
     元-19 と  先-19：着いた 先-19 は下／目標 上　**反する**（高さの差 8.2e-04）
     元-19 と   元-2：着いた 元-2 は上／目標 上　一致（高さの差 8.3e-03）
     元-19 と   先-2：着いた 先-2 は上／目標 上　一致（高さの差 1.3e-02）
     先-19 と   元-2：着いた 元-2 は上／目標 下　**反する**（高さの差 1.3e-02）
     先-19 と   先-2：着いた 先-2 は上／目標 下　**反する**（高さの差 6.9e-03）
      元-2 と   先-2：着いた 先-2 は上／目標 上　一致（高さの差 5.7e-04）
    結び 先-2–元-2（⑬）：着いた +180.0°／目標 +180°　一致
    結び 先-19–元-19（⑬）：着いた -180.0°／目標 +180°　**反する**
    結び 先-18–元-18（⑬）：着いた +180.0°／目標 +180°　一致
    結び 元-19–元-18：着いた +360.0°／目標 +0°　**反する**
    結び 先-19–先-18：着いた +0.0°／目標 +0°　一致
    結び 先-2–先-19：着いた -360.0°／目標 +0°　**反する**
    結び 元-2–元-19：着いた -0.0°／目標 +0°　一致
    置かれ方の目標とのずれ 9.5e-08（表裏も目標どおり）／面の組で反する 7／結びで反する 3

[E] 目標から、各曲がり角の半分（元・先）の終端の巻きを読む
  中心線の角：元の半分 → 0°（元が戻る）／先の半分 → 0°（先が戻る）
  外形の側の角：元の半分 → 0°（元が戻る）／先の半分 → 0°（先が戻る）
  ⇒ 目標の上下から、終端の巻きは組 (1,1) に限らない
  ⚠ 言えるのは**終端の巻き**まで。途中の出だしの向き（z=2° で元が戻り始めるか）は、終端からは決まらない。

[E2] 同じ目標（16枚の柱の中割りの並べ方）で、脚1の7つの角の半分の終端の巻き
  層-3|-18（外形の側）：元の半分 0°／先の半分 0°
  層-18|-19（中心線）：元の半分 0°／先の半分 0°　←S1
  層-19|-2（外形の側）：元の半分 0°／先の半分 0°　←S1
  層-2|-1（中心線）：元の半分 0°／先の半分 ±360°
  層-1|3（外形の側）：元の半分 0°／先の半分 0°
  層3|1（中心線）：元の半分 0°／先の半分 0°
  層1|0（外形の側）：元の半分 0°／先の半分 0°
  ⚠ 16枚の柱の中割りの並べ方は1通り（上の [B]）。胴の16枚を入れた数え方はこの関数では0通りになり、使えていない。

[F] 1次の検査の条件と、条件を1つずつ外した結果（平らな姿・段1「外側から1つずつ」で開いた所）
  木の変数 5（層の折りの半分 4・⑬の線 3）・閉じの式 12・閉じの行列の特異値 1.49e+00, 8.57e-01, 6.85e-08, 1.74e-09, 1.13e-09
  固定した条件：①平らな姿＝段1で層の折り2本を外側の角から1つずつ平らまで開いた姿（⑬の線は 0°）／②根＝S1 の元の板の1枚（元-18）・胴とほかの層は無し／③駆動＝各半分の速さを z の速さ1に対して 開く向き×(−符号×cosθ)、θ は**鋭角の方**（中心線 75.96°・外形の側 87.21°＝どちらも cos>0）・**2つの角で同じ z**／④⑬の線3本の速さは未知（閉じから解く）
  閉じの1次の核 3次元（特異値 >1e-6 を数えた）
  組 (1, 1)：(a) 条件①〜④そのまま 残り 1.35e-01／(b) ③の「同じ z」だけ外す（角ごとの倍率 ≥1） 解なし／(c) ③の大きさも外し向きだけ 解なし
  組 (1, -1)：(a) 条件①〜④そのまま 残り 1.19e-07／(b) ③の「同じ z」だけ外す（角ごとの倍率 ≥1） 解あり／(c) ③の大きさも外し向きだけ 解あり
  組 (-1, 1)：(a) 条件①〜④そのまま 残り 1.19e-07／(b) ③の「同じ z」だけ外す（角ごとの倍率 ≥1） 解あり／(c) ③の大きさも外し向きだけ 解あり
  組 (-1, -1)：(a) 条件①〜④そのまま 残り 1.35e-01／(b) ③の「同じ z」だけ外す（角ごとの倍率 ≥1） 解なし／(c) ③の大きさも外し向きだけ 解なし
  ⚠ 1次は平らな姿（特異な分岐点）での速さの話。1次で閉じても2次以上で閉じない・1次で閉じなくても別の出だし（2次で動き出す）はあり得る。
  ⚠ 残りの大きさは尺度（閉じの式と角の式の重み）に依存する。0 か否かだけを読む。

[G] 比較：S1 の先3枚をひとかたまりで⑬の線のまわりに回す（層の折りは動かさない）
    反する：元-18 と 先-18（先-18 が下・目標 上）
    反する：元-18 と 先-19（先-19 が下・目標 上）
    反する：元-18 と 先-2（先-2 が下・目標 上）
    反する：先-18 と 元-19（元-19 が上・目標 下）
    反する：先-18 と 元-2（元-2 が上・目標 下）
    反する：元-19 と 先-19（先-19 が下・目標 上）
    反する：元-19 と 先-2（先-2 が下・目標 上）
    反する：先-19 と 元-2（元-2 が上・目標 下）
    反する：元-2 と 先-2（先-2 が下・目標 上）
  向き +：全結び 2.3e-16・すり抜け なし／⑬の線の相対角（179.5°）先-2–元-2 -179.5°, 先-19–元-19 -179.5°, 先-18–元-18 -179.5°／目標の上下に反する組 9／15
  向き −：全結び 2.3e-16・すり抜け なし／⑬の線の相対角（179.5°）先-2–元-2 +179.5°, 先-19–元-19 +179.5°, 先-18–元-18 +179.5°／目標の上下に反する組 0／15
  ⚠ S1 は胴とほかの層（とくに脚の背 層-2|層-1）を省いた模型。ここで通ることは鶴の⑬が通ることではない。

ALL OK
