[式] 単独模型の閉路の閉じ：R(zA,a)·R(x,c⁺) = R(x,c⁻)·R(zB,b) を、四元数（正規化しない (1, tan(φ/2)·軸)）で確かめる
  中割りの枝：左右の差 = [0, 2*c*u - 2*v, 0, 0]（スカラー・x・y・z）→ 0 になる条件 v = [c*u]＝tan(c⁻/2)=cosθ·tan(z/2)；代入後 [0, 0, 0, 0]
  外へ折る枝（c⁻=c⁺=π・zA角=zB角）：左右の差 = [0, 0, 0, 0]
  段1（zA角=zB角=0・c⁻=c⁺）：両辺とも R(x,c)＝自明に閉じる
  ⚠ z=π は tan が発散するので、閉じは z∈[0,π) で恒等式・z=π は両辺の連続性から（端の値は数値でも確認）

==== SP2（層-2・層-1）：単独模型の中割りの枝との対応 ====
  背の角（層-2|層-1）：板 元A↔元-2・先A↔先-2・元B↔元-1・先B↔先-1／折線 c⁻↔1本・c⁺↔1本・zA↔1本・zB↔1本／対応しない結び 0
    幾何（出発の姿の座標）：背の2本は同じ直線（ずれ 1.7e-16）・曲がり角 V=[-0.375, 0.375]（背の線分の端とのずれ 3.1e-16）
    θ＝⑬の線（A 側）と背の先の向きのなす角 75.9638°（先へ傾く）／B 側の⑬の線の向きは A と同じ直線か：ずれ 0.0e+00（畳まれた姿では1本の直線）
    板の位置（出発）：元A 元側○・f 側○・先A 先側○・f 側○・元B 元側○・f 側○・先B 先側○・f 側○（B は畳まれているので f 側で正しい）
    写像 Φ（単独模型の広げた紙 → 実際の広げた紙）：O→V・x→d・y→f、平面での向き det=+1
    出発の上下（engine stackAt）：元-1 は 元-2 の上／z の向き +1 なら 下・−1 なら 上 → z の向き [-1]
    確かめ：先-1 は 先-2 の上（stackAt）／この向きの写像で 上 → 一致
    ⇒ 単独模型の角 φ は、実際の軸（Φ で写した向き）のまわりで -1·φ 回る（Φ₃ R(a,φ) Φ₃⁻¹ = R(Φ₃a, det Φ₃·φ)）
    単独模型で使う θ＝75.9638°（check_crane13_single.py の既定 75.9638° と 同じ）
  道（式で決まる・探索なし）：段1 c⁻=c⁺=π(1−τ)・z=0 ／ 段2・3 z：0→π、c⁻=2atan(cosθ tan(z/2))・c⁺=−c⁻・zB角=−z
  連続性（式）：段1 の終わり（c=0,z=0）と段2 の始め（z=0 → c⁻=0）は同じ姿（分岐点＝平ら）。c⁻(z) は [0,π) で連続・z→π で π に連続。

  [SP2] 経路の数値の確認：結び 4 本
    全区間：全結びのずれ（最大）1.2e-15／1刻みの置かれ方の変化（最大）2.29e-03／すり抜け なし
    分岐点（平ら）：板どうしの同じ平面の重なり なし
  [SP2] 保存した目標との照合（crane13_terminal_target.json）
    位置：目標とのずれ（最大）8.1e-16／表裏：元-1 表上・先-2 表上・先-1 裏上・元-2 裏上
    上下：重なる組 6 のうち一致 6・反する 0（うち高さで読んだ 6・同じ置かれ方のまま出発の上下を持ち越した 0＝厚み0の仮定）
    累積回転（経路の結果・出発 0 からの unwrap・条件にはしていない）：
      先-1|元-1：分岐点 +0.0° → 終端 -180.0°
      先-2|元-2：分岐点 +0.0° → 終端 +180.0°
      先-2|先-1：分岐点 -180.0° → 終端 -360.0°
      元-2|元-1：分岐点 -180.0° → 終端 -0.0°
    単独模型の角（終端）：c⁻ +180°・zA +180°・c⁺ −180°・zB −180°（広げた紙から）

==== SP4（層-19・-2・-1・3）：左右に足した層との両立 ====
  外形の側の角（層-19|層-2）・A=層-2（背の角と共有）：板 元A↔元-2・先A↔先-2・元B↔元-19・先B↔先-19／折線 c⁻↔1本・c⁺↔1本・zA↔1本・zB↔1本／対応しない結び 0
    幾何（出発の姿の座標）：背の2本は同じ直線（ずれ 6.7e-16）・曲がり角 V=[-0.523039, 0.286177]（背の線分の端とのずれ 2.2e-16）
    θ＝⑬の線（A 側）と背の先の向きのなす角 92.7862°（元へ傾く）／B 側の⑬の線の向きは A と同じ直線か：ずれ 2.5e-16（畳まれた姿では1本の直線）
    板の位置（出発）：元A 元側○・f 側○・先A 先側○・f 側○・元B 元側○・f 側○・先B 先側○・f 側○（B は畳まれているので f 側で正しい）
    写像 Φ（単独模型の広げた紙 → 実際の広げた紙）：O→V・x→d・y→f、平面での向き det=-1
    出発の上下（engine stackAt）：元-19 は 元-2 の下／z の向き +1 なら 下・−1 なら 上 → z の向き [1]
    確かめ：先-19 は 先-2 の下（stackAt）／この向きの写像で 下 → 一致
    ⇒ 単独模型の角 φ は、実際の軸（Φ で写した向き）のまわりで -1·φ 回る（Φ₃ R(a,φ) Φ₃⁻¹ = R(Φ₃a, det Φ₃·φ)）
  外形の側の角（層-1|層3）・A=層-1（背の角と共有）：板 元A↔元-1・先A↔先-1・元B↔元3・先B↔先3／折線 c⁻↔1本・c⁺↔1本・zA↔1本・zB↔1本／対応しない結び 0
    幾何（出発の姿の座標）：背の2本は同じ直線（ずれ 1.1e-16）・曲がり角 V=[-0.523039, 0.286177]（背の線分の端とのずれ 1.2e-16）
    θ＝⑬の線（A 側）と背の先の向きのなす角 92.7862°（元へ傾く）／B 側の⑬の線の向きは A と同じ直線か：ずれ 3.1e-16（畳まれた姿では1本の直線）
    板の位置（出発）：元A 元側○・f 側○・先A 先側○・f 側○・元B 元側○・f 側○・先B 先側○・f 側○（B は畳まれているので f 側で正しい）
    写像 Φ（単独模型の広げた紙 → 実際の広げた紙）：O→V・x→d・y→f、平面での向き det=-1
    出発の上下（engine stackAt）：元3 は 元-1 の上／z の向き +1 なら 下・−1 なら 上 → z の向き [-1]
    確かめ：先3 は 先-1 の上（stackAt）／この向きの写像で 上 → 一致
    ⇒ 単独模型の角 φ は、実際の軸（Φ で写した向き）のまわりで +1·φ 回る（Φ₃ R(a,φ) Φ₃⁻¹ = R(Φ₃a, det Φ₃·φ)）
  外形の側の角に使う枝（目標の静的な量から）：
    外形の側の角（層-19|層-2）・A=層-2（背の角と共有）：目標で 元の組 出発と同じ側・先の組 出発と同じ側
      中割りの枝（単独模型の段2・3）は終端で c⁻=+π・c⁺=−π＝片方だけ出発と逆側（折線の2枚が途中で突き抜けない仮定のもとで）→ 目標（両方同じ側）と合わない／外へ折る枝（c⁻=c⁺=π のまま）は両方同じ側 → **外へ折る枝を使う**
    外形の側の角（層-1|層3）・A=層-1（背の角と共有）：目標で 元の組 出発と同じ側・先の組 出発と同じ側
      中割りの枝（単独模型の段2・3）は終端で c⁻=+π・c⁺=−π＝片方だけ出発と逆側（折線の2枚が途中で突き抜けない仮定のもとで）→ 目標（両方同じ側）と合わない／外へ折る枝（c⁻=c⁺=π のまま）は両方同じ側 → **外へ折る枝を使う**
  ⑬の角の対応（幾何から・合わせこみなし）：外形の側の角の z ＝ σ·（背の角の z）
    層-2：σ=-1（⑬の線の向きの内積 -1.000・曲がり角どうしが同じ直線の上 0.0e+00）
    層-1：σ=-1（内積 -1.000・同じ直線 0.0e+00）
  式：外形の側の角の置かれ方＝（共有する元の板の世界の置かれ方）×Φ₃ R_single(外へ折る, σz) Φ₃⁻¹ U。外へ折る枝の閉じは [式] で恒等式。
  道：背の角は SP2 と同じ式。外形の側の角は外へ折る枝で、層-19・層3 の板を外形の側の角の式から置く（背の角の式からは置かない）

  [SP4] 経路の数値の確認：結び 10 本
    全区間：全結びのずれ（最大）1.2e-15／1刻みの置かれ方の変化（最大）2.29e-03／すり抜け なし
    共有する板（元-2・先-2・元-1・先-1）の置かれ方：背の角の式と外形の側の角の式の差（全区間の最大・4×4 の成分）7.8e-16
    対照（わざと壊す）：先-19 を面の中の線で 0.5rad 傾ける → 検出 交わる／分岐点で 元-1 を 元-2 の上へ平行移動 → 検出 同じ平面で重なる
    分岐点（背だけ平ら・外形の側は畳んだまま）：同じ平面の重なり なし
  [SP4] 保存した目標との照合（crane13_terminal_target.json）
    位置：目標とのずれ（最大）8.1e-16／表裏：先-2 表上・先-19 裏上・元-1 表上・元-2 裏上・先-1 裏上・元3 裏上・元-19 表上・先3 表上
    上下：重なる組 28 のうち一致 28・反する 0（うち高さで読んだ 24・同じ置かれ方のまま出発の上下を持ち越した 4＝厚み0の仮定）
    累積回転（経路の結果）：
      先-1|元-1：分岐点 +0.0° → 終端 -180.0°
      先3|元3：分岐点 +0.0° → 終端 -180.0°
      先-2|元-2：分岐点 +0.0° → 終端 +180.0°
      先-19|元-19：分岐点 -0.0° → 終端 +180.0°
      先-2|先-1：分岐点 -180.0° → 終端 -360.0°
      元-2|元-1：分岐点 -180.0° → 終端 -0.0°
      先-2|先-19：分岐点 -0.0° → 終端 -0.0°
      元-2|元-19：分岐点 -0.0° → 終端 -0.0°
      元-1|元3：分岐点 -0.0° → 終端 -0.0°
      先-1|先3：分岐点 -0.0° → 終端 -0.0°

ALL OK
