目標 crane13_terminal_target.json（L1-O1・点検した規則・動かない紙の上下は stackAt・(c) は点ごと）

==== SP2 背をはさむ2層：元-2／先-2／元-1／先-1 ====　⚠胴・ほかの層なし
  出発の上下（stackAt）：2組（食い違い 0・点に無い 0）
  重なる組 6・条件 {'出発の上下': 1, '折りの中を通る面': 2, '同じ線分の折り2つ': 1}
  ① 解 3 通り／全体の目標を制限したものが解の中に ある
  ② (c) を満たす解 1 通り／1つに決まり、全体の目標と同じ
  ③ 終端（全体の目標から）：
        元-2：動かない・表裏 裏上→裏上
        先-2：⑬の線で鏡・表裏 裏上→表上
        元-1：動かない・表裏 表上→表上
        先-1：⑬の線で鏡・表裏 表上→裏上
     上下（全部が重なる所で、下→上）：元-2／先-2／先-1／元-1
     結び 先-1|元-1（crease・⑬）：b は a の裏の側
     結び 先-2|元-2（crease・⑬）：b は a の裏の側
     結び 先-2|先-1（hinge）：b は a の表の側（出発 裏）　**出発から入れかわる**
     結び 元-2|元-1（hinge）：b は a の裏の側（出発 裏）　出発と同じ

==== SP4 背をはさむ4層：元-19／先-19／元-2／先-2／元3／先3／元-1／先-1 ====　⚠胴・ほかの層なし
  出発の上下（stackAt）：12組（食い違い 0・点に無い 0）
  重なる組 28・条件 {'出発の上下': 6, '折りの中を通る面': 12, '同じ線分の折り2つ': 8}
  ① 解 12 通り／全体の目標を制限したものが解の中に ある
  ② (c) を満たす解 1 通り／1つに決まり、全体の目標と同じ
  ③ 終端（全体の目標から）：
       元-19：動かない・表裏 表上→表上
       先-19：⑬の線で鏡・表裏 表上→裏上
        元-2：動かない・表裏 裏上→裏上
        先-2：⑬の線で鏡・表裏 裏上→表上
         元3：動かない・表裏 裏上→裏上
         先3：⑬の線で鏡・表裏 裏上→表上
        元-1：動かない・表裏 表上→表上
        先-1：⑬の線で鏡・表裏 表上→裏上
     上下（全部が重なる所で、下→上）：元-19／元-2／先-2／先-19／先3／先-1／元-1／元3
     結び 先-1|元-1（crease・⑬）：b は a の裏の側
     結び 先3|元3（crease・⑬）：b は a の表の側
     結び 先-2|元-2（crease・⑬）：b は a の裏の側
     結び 先-19|元-19（crease・⑬）：b は a の表の側
     結び 先-2|先-1（hinge）：b は a の表の側（出発 裏）　**出発から入れかわる**
     結び 元-2|元-1（hinge）：b は a の裏の側（出発 裏）　出発と同じ
     結び 先-2|先-19（hinge）：b は a の表の側（出発 表）　出発と同じ
     結び 元-2|元-19（hinge）：b は a の表の側（出発 表）　出発と同じ
     結び 元-1|元3（hinge）：b は a の表の側（出発 表）　出発と同じ
     結び 先-1|先3（hinge）：b は a の表の側（出発 表）　出発と同じ

ALL OK
