脚1の並び（じゃばら）：層-3 → 層-18 → 層-19 → 層-2 → 層-1 → 層3 → 層1 → 層0
曲がり角：層-3|-18 外形の側 θ=87.2138°／層-18|-19 中心線 θ=75.9638°／層-19|-2 外形の側 θ=87.2138°／層-2|-1 中心線 θ=75.9638°／層-1|3 外形の側 θ=87.2138°／層3|1 中心線 θ=75.9638°／層1|0 外形の側 θ=87.2138°
🚨 S1・S2 は胴との結びを省いた模型。その成功は鶴全体の成功ではない。

S0 単独模型：`check_crane13_single.py` で θ=75.9638°・87.2138° とも、開く→返す→閉じるが剛体で通り、層順は中割り（第8段 §34）＝**再利用**

==== S1 曲がり角2つ（連続する3層・板6枚） ====　⚠胴・ほかの層の結びを省いた模型
  板 6・結び 7（木 5・木の外 2）・⑬の角 3・曲がり角 2：中心線 θ=75.9638°（層-18|-19）／外形の側 θ=87.2138°（層-19|-2）
  段1 の開き方：そろえて開く [[0, 1]]／外側（包む角）から1つずつ [[1], [0]]（⚠開く順は道の選び方。層番号の差は順を決めるのにだけ使う）
    そろえて開く：**平らに届かない**：すり抜け 段1 角[0, 1] 10°（s20.keep#tip(層-2) × s20.cut#tip(層-18)・交わる・8.58e-01）
    外側（包む角）から1つずつ：平らまで（①全結び 1.5e-15・②閉じの残り 1.5e-12・③すり抜けなし）
  段2 の入口（平らな姿・開き方「外側（包む角）から1つずつ」）：曲がり角ごとに「元が戻る(+)／先が戻る(−)」の組を z=2° で解く（4通り・出発点6通り）
    (1, 1)：閉じの残り 4.7e-03  ←中割りに要る「全部の元が戻る」
    (1, -1)：閉じの残り 1.9e-13
    (-1, 1)：閉じの残り 2.2e-13
    (-1, -1)：閉じの残り 4.7e-03
  閉じる組 2／4：[(1, -1), (-1, 1)]
  1次（平らな姿の速さの連立方程式・最小二乗の残り／そのときの⑬の速さの最大）：(1, 1) 残り 1.3e-01・⑬ 0.93／(1, -1) 残り 1.2e-07・⑬ 1.00／(-1, 1) 残り 1.2e-07・⑬ 1.00／(-1, -1) 残り 1.3e-01・⑬ 0.93
  各曲がり角の⑬の傾き（先の側となす角）：中心線 75.9638°（先の側へ）／外形の側 92.7862°（元の側へ）
  組 (1, -1)：z=180° まで（①全結び 1.5e-15・②閉じの残り 1.5e-12・③すり抜けなし・④終端とのずれ 7.3e-08）／⑤ **どちらでもない（一部だけ中に入る）**：先(層-2) ／ 元(層-2) ／ 元(層-19) ／ 先(層-19) ／ 先(層-18) ／ 元(層-18)
  組 (-1, 1)：z=180° まで（①全結び 1.5e-15・②閉じの残り 1.5e-12・③すり抜けなし・④終端とのずれ 9.5e-08）／⑤ **どちらでもない（一部だけ中に入る）**：元(層-18) ／ 先(層-18) ／ 先(層-19) ／ 元(層-19) ／ 元(層-2) ／ 先(層-2)

→ **S1 で通らなくなった**。ここで止める（S2・S3 は行わない）。

ALL OK
