入力 crane13_terminal_input.json（L1-O1）：面 56・結び 98（重複 0）／先 8・脚の元 8・着地に重なる胴 16

[S0] 結びの種類と出発・終端で畳まれているか（上から見た図で両側の面が同じ側＝畳まれている）
  crease：出発 平ら → 終端 平ら　20本
  crease⑬：出発 平ら → 終端 畳み　8本
  hinge：出発 畳み → 終端 畳み　70本

[O] 旧関数の規則を SAT に写して再現
  16枚：解 33・中割り 1・外 2・他 30
  32枚：**解なし**（旧関数の 0通りと同じ）→ 最小の矛盾 7 個：
    元の順（layer 番号で並べた隣どうし）：胴-7a < 胴-6a　重なる／胴–胴
    元の順（layer 番号で並べた隣どうし）：胴-6a < 胴-5a　重なる／胴–胴
    元の順（layer 番号で並べた隣どうし）：胴-5a < 胴-4a　重なる／胴–胴
    元の順（layer 番号で並べた隣どうし）：胴-4a < 元-3　**重ならない**／胴–脚
    元の順（layer 番号で並べた隣どうし）：元-3 < 胴-3a　**重ならない**／脚–胴
    元の順（layer 番号で並べた隣どうし）：胴-3a < 元-2　**重ならない**／胴–脚
    入れ子：胴-7a|元-3 と 元-2|胴-4a（線分の重なり 1.99e-01・b5 / b19）
    ＋ 1本の並び（重ならない組にも上下）は固い条件として入れている

[N] 点検した規則（上下は重なる組だけ・各点で1本の並び・線分の所だけ・動かない紙の上下は stackAt）
  出発の上下（stackAt・先も含む32枚の出発の姿）：決まった 208／食い違う 0／点に無い 0（山谷の出発側に使う）
  出発の上下（stackAt・動かない紙で重なる組）：決まった 180／点で食い違う 0／点に無い 0
  参考：layer 番号の大小と stackAt が食い違う組 0（）
  16枚（脚だけ）：重なる組 120（全組 120）・三つ組の節 1120・条件 {'出発の上下': 28, '折りの中を通る面': 56, '同じ線分の折り2つ': 46}
    解あり：先を含む組の上下の組み合わせ 33
    うち、先を含むどの点でも「先がその点の元の最下と最上のあいだ」：1
  32枚（着地に重なる胴を入れる）：重なる組 400（全組 496）・三つ組の節 5888・条件 {'出発の上下': 180, '折りの中を通る面': 344, '同じ線分の折り2つ': 82, '平らな結び2つ': 12, '折りの線分を平らな結びが通る': 16}
    解あり：先を含む組の上下の組み合わせ 87
    うち、先を含むどの点でも「先がその点の元の最下と最上のあいだ」：1

[T] ⑬の目標（点ごとの条件 (c) を満たす1通り）の中身
  16枚の目標と32枚の目標：共通の組 120・上下が違う組 0
  終端で畳まれている結び 43 本の「b は a の表の側か裏の側か」（静的）。出発も畳まれていて側が入れかわる結び 1 本：
    先-2|先-1（hinge）：出発 裏の側 → 終端 表の側
  → crane13_terminal_target.json に保存（above＝[a, b, +1 なら b が a の上]）

[S] 終端の性質の分け方（ここでは記録だけ）
  静的（経路に依らない）：面の位置（先＝⑬の線で鏡・元＝動かない）・表裏（det(xf)×鏡）・重なる組の上下・結びの山谷（終端で畳まれた結びの、a の表から見た b の側）
  経路の量：折り角の符号の履歴・累積回転（0°/±360°）。**探索条件には入れない**。
  ⚠ 山谷（静的）と累積回転は、「その結びの2枚が途中で互いを突き抜けない」を仮定して初めて結びつく（第16段の ±360° はこの仮定つき）。

ALL OK
